[2026-08-11 19:14:13.408] [Xeno] [trace] Xeno is only maintained by Rizve. If you find any bugs, have any question, or just want to chat email me rizve@xeno.onl or DM me on Discord: .rizve
[2026-08-11 19:14:13.408] [Xeno] [info] Version: Xeno - v1.3.60
[2026-08-11 19:14:13.408] [Xeno] [info] Log file: C:\Users\seif9\source\repos\Ruby Exec 1\Ruby Exec 1\bin\x64\Debug\net10.0-windows\logs\2026-08-11_19-14-13.log
[2026-08-11 19:14:13.409] [Xeno] [debug] Client Checker thread: 0x7bb167ebc0
[2026-08-11 19:14:13.409] [Xeno] [debug] Xeno Caching thread: 0x7bb167ebb0
[2026-08-11 19:14:13.409] [Xeno] [debug] WebSockets Cleaner thread: 0x7bb167eba0
[2026-08-11 19:14:13.410] [Cache] [info] Caching file: C:\Users\seif9\AppData\Local\Xeno\XENO_CACHE.bin
[2026-08-11 19:14:13.410] [Xeno] [debug] Xeno Server thread: 0x7bb167eb90
[2026-08-11 19:14:13.410] [Cache] [info] Reattaching to cached client PID: 28316
[2026-08-11 19:14:13.410] [Cache] [info] Loaded existing cache: 1 RBXClients, 0 RBXBytecode, 0 RBXMFlags, 1 RBXClientInfos
[2026-08-11 19:14:13.410] [Xeno] [info] Creating new RBXClient: 28316
[2026-08-11 19:14:13.410] [Server] [info] Xeno Server is Live on http://localhost:3110
[2026-08-11 19:14:13.410] [RBXClient] [info] [28316]: Initializing...
[2026-08-11 19:14:13.410] [Server] [info] Visit http://localhost:3110 to view any additional information
[2026-08-11 19:14:13.411] [RBXClient] [info] [28316]: Version: version-d584fb6c717a43d9
[2026-08-11 19:14:13.411] [Xeno] [debug] Created RBXClient instance @0x25c92794e00
[2026-08-11 19:14:13.411] [Xeno] [info] Successfully created RBXClient: 28316
[2026-08-11 19:14:13.411] [RBXClient] [trace] [28316]: Attempting to retrieve RBXClient data...
[2026-08-11 19:14:13.460] [RBXClient] [trace] [28316]: Successfully retrieved RBXClient data (Primary)
[2026-08-11 19:14:13.461] [RBXClient] [info] [28316]: RenderView retrieved from Cache: 0x20627253880
[2026-08-11 19:14:13.628] [RBXClient] [debug] [28316]: 1209 candidates found for the instruction
[2026-08-11 19:14:13.629] [RBXClient] [debug] [28316]:  Instruction address: 0x20514d3c40a
[2026-08-11 19:14:13.629] [RBXClient] [debug] [28316]: Bytecode Patch Watcher thread: 0x7bb2b7fa60
[2026-08-11 19:14:13.630] [RBXClient] [debug] [28316]: DataModel (LuaApp): 0x20621b22648
[2026-08-11 19:14:13.631] [RBXClient] [debug] [28316]: LocalPlayer: 0x20621db6080
[2026-08-11 19:14:13.631] [RBXClient] [debug] [acgplayerfan12121 (28316)]: LocalPlayer Name: 'acgplayerfan12121'
[2026-08-11 19:14:13.631] [RBXClient] [info] [acgplayerfan12121 (28316)]: Waiting for you to enter a game...
