[2026-08-11 20:26:05.521] [Xeno] [trace] Xeno is only maintained by Rizve. If you find any bugs, have any question, or just want to chat email me rizve@xeno.onl or DM me on Discord: .rizve
[2026-08-11 20:26:05.521] [Xeno] [info] Version: Xeno - v1.3.60
[2026-08-11 20:26:05.521] [Xeno] [info] Log file: C:\Users\seif9\source\repos\Ruby Exec 1\Ruby Exec 1\bin\x64\Debug\net10.0-windows\logs\2026-08-11_20-26-05.log
[2026-08-11 20:26:05.522] [Xeno] [debug] Client Checker thread: 0xf8c338e2c0
[2026-08-11 20:26:05.522] [Xeno] [debug] Xeno Caching thread: 0xf8c338e2b0
[2026-08-11 20:26:05.522] [Xeno] [debug] WebSockets Cleaner thread: 0xf8c338e2a0
[2026-08-11 20:26:05.522] [Cache] [info] Caching file: C:\Users\seif9\AppData\Local\Xeno\XENO_CACHE.bin
[2026-08-11 20:26:05.522] [Xeno] [debug] Xeno Server thread: 0xf8c338e290
[2026-08-11 20:26:05.523] [Server] [info] Xeno Server is Live on http://localhost:3110
[2026-08-11 20:26:05.523] [Server] [info] Visit http://localhost:3110 to view any additional information
[2026-08-11 20:26:06.377] [Xeno] [info] Creating new RBXClient: 32652
[2026-08-11 20:26:06.377] [RBXClient] [info] [32652]: Initializing...
[2026-08-11 20:26:06.377] [RBXClient] [info] [32652]: Version: version-d584fb6c717a43d9
[2026-08-11 20:26:06.377] [Xeno] [debug] Created RBXClient instance @0x238832a6d50
[2026-08-11 20:26:06.377] [Xeno] [info] Successfully created RBXClient: 32652
[2026-08-11 20:26:06.377] [RBXClient] [trace] [32652]: Attempting to retrieve RBXClient data...
[2026-08-11 20:26:06.427] [RBXClient] [trace] [32652]: Successfully retrieved RBXClient data (Primary)
[2026-08-11 20:26:06.428] [RBXClient] [info] [32652]: Waiting for Client Window
[2026-08-11 20:26:10.412] [Execution] [error] [32652]: DataModel address is invalid
[2026-08-11 20:26:10.575] [Execution] [error] [32652]: DataModel address is invalid
[2026-08-11 20:26:10.712] [Execution] [error] [32652]: DataModel address is invalid
