[2026-08-11 16:07:36.759] [Xeno] [trace] Xeno is only maintained by Rizve. If you find any bugs, have any question, or just want to chat email me rizve@xeno.onl or DM me on Discord: .rizve
[2026-08-11 16:07:36.759] [Xeno] [info] Version: Xeno - v1.3.60
[2026-08-11 16:07:36.759] [Xeno] [info] Log file: C:\Users\seif9\source\repos\Ruby Exec 1\Ruby Exec 1\bin\x64\Debug\net10.0-windows\logs\2026-08-11_16-07-36.log
[2026-08-11 16:07:36.760] [Xeno] [debug] Client Checker thread: 0x885bb7d820
[2026-08-11 16:07:36.760] [Xeno] [debug] Xeno Caching thread: 0x885bb7d810
[2026-08-11 16:07:36.760] [Xeno] [debug] WebSockets Cleaner thread: 0x885bb7d800
[2026-08-11 16:07:36.760] [Cache] [info] Caching file: C:\Users\seif9\AppData\Local\Xeno\XENO_CACHE.bin
[2026-08-11 16:07:36.760] [Xeno] [debug] Xeno Server thread: 0x885bb7d7f0
[2026-08-11 16:07:36.760] [Cache] [info] Reattaching to cached client PID: 25072
[2026-08-11 16:07:36.761] [Cache] [info] Loaded existing cache: 1 RBXClients, 0 RBXBytecode, 0 RBXMFlags, 1 RBXClientInfos
[2026-08-11 16:07:36.761] [Xeno] [info] Creating new RBXClient: 25072
[2026-08-11 16:07:36.761] [RBXClient] [info] [25072]: Initializing...
[2026-08-11 16:07:36.761] [RBXClient] [info] [25072]: Version: version-d584fb6c717a43d9
[2026-08-11 16:07:36.761] [Xeno] [debug] Created RBXClient instance @0x24395768d60
[2026-08-11 16:07:36.761] [Xeno] [info] Successfully created RBXClient: 25072
[2026-08-11 16:07:36.761] [RBXClient] [trace] [25072]: Attempting to retrieve RBXClient data...
[2026-08-11 16:07:36.761] [Server] [info] Xeno Server is Live on http://localhost:3110
[2026-08-11 16:07:36.761] [Server] [info] Visit http://localhost:3110 to view any additional information
[2026-08-11 16:07:36.819] [RBXClient] [trace] [25072]: Successfully retrieved RBXClient data (Primary)
[2026-08-11 16:07:36.820] [Cache] [trace] [25072]: Client was previously activated and handled successfully
[2026-08-11 16:07:36.820] [RBXClient] [info] [25072]: RenderView retrieved from Cache: 0x21b945e3880
[2026-08-11 16:07:36.941] [RBXClient] [debug] [25072]: 1646 candidates found for the instruction
[2026-08-11 16:07:36.942] [RBXClient] [warning] [25072]: Failed to find a valid instruction candidate. Retrying... Attempts left: 4
[2026-08-11 16:07:37.166] [RBXClient] [debug] [25072]: 1646 candidates found for the instruction
[2026-08-11 16:07:37.168] [RBXClient] [warning] [25072]: Failed to find a valid instruction candidate. Retrying... Attempts left: 3
[2026-08-11 16:07:37.391] [RBXClient] [debug] [25072]: 1646 candidates found for the instruction
[2026-08-11 16:07:37.392] [RBXClient] [warning] [25072]: Failed to find a valid instruction candidate. Retrying... Attempts left: 2
[2026-08-11 16:07:37.619] [RBXClient] [debug] [25072]: 1646 candidates found for the instruction
[2026-08-11 16:07:37.621] [RBXClient] [warning] [25072]: Failed to find a valid instruction candidate. Retrying... Attempts left: 1
[2026-08-11 16:07:37.858] [RBXClient] [debug] [25072]: 1594 candidates found for the instruction
[2026-08-11 16:07:37.860] [RBXClient] [warning] [25072]: Failed to find a valid instruction candidate. Retrying... Attempts left: 0
[2026-08-11 16:07:37.963] [RBXClient] [critical] [25072]: Failed to find a internal function instruction
[2026-08-11 16:07:40.899] [Execution] [error] [25072]: Could not find a CoreModule; Client is not attached
[2026-08-11 16:07:41.063] [Execution] [error] [25072]: Could not find a CoreModule; Client is not attached
[2026-08-11 16:07:41.203] [Execution] [error] [25072]: Could not find a CoreModule; Client is not attached
