[2026-08-11 20:19:11.281] [Xeno] [trace] Xeno is only maintained by Rizve. If you find any bugs, have any question, or just want to chat email me rizve@xeno.onl or DM me on Discord: .rizve
[2026-08-11 20:19:11.281] [Xeno] [info] Version: Xeno - v1.3.60
[2026-08-11 20:19:11.281] [Xeno] [info] Log file: C:\Users\seif9\source\repos\Ruby Exec 1\Ruby Exec 1\bin\x64\Debug\net10.0-windows\logs\2026-08-11_20-19-11.log
[2026-08-11 20:19:11.282] [Xeno] [debug] Client Checker thread: 0x1b3ba7ebb0
[2026-08-11 20:19:11.282] [Xeno] [debug] Xeno Caching thread: 0x1b3ba7eba0
[2026-08-11 20:19:11.282] [Xeno] [debug] WebSockets Cleaner thread: 0x1b3ba7eb90
[2026-08-11 20:19:11.283] [Cache] [info] Caching file: C:\Users\seif9\AppData\Local\Xeno\XENO_CACHE.bin
[2026-08-11 20:19:11.283] [Xeno] [debug] Xeno Server thread: 0x1b3ba7eb80
[2026-08-11 20:19:11.283] [Cache] [info] Reattaching to cached client PID: 30212
[2026-08-11 20:19:11.283] [Cache] [info] Loaded existing cache: 1 RBXClients, 0 RBXBytecode, 0 RBXMFlags, 0 RBXClientInfos
[2026-08-11 20:19:11.283] [Xeno] [info] Creating new RBXClient: 30212
[2026-08-11 20:19:11.283] [RBXClient] [info] [30212]: Initializing...
[2026-08-11 20:19:11.284] [RBXClient] [info] [30212]: Version: version-d584fb6c717a43d9
[2026-08-11 20:19:11.284] [Xeno] [debug] Created RBXClient instance @0x16b157dab60
[2026-08-11 20:19:11.284] [Xeno] [info] Successfully created RBXClient: 30212
[2026-08-11 20:19:11.284] [Server] [info] Xeno Server is Live on http://localhost:3110
[2026-08-11 20:19:11.284] [Server] [info] Visit http://localhost:3110 to view any additional information
[2026-08-11 20:19:11.284] [RBXClient] [trace] [30212]: Attempting to retrieve RBXClient data...
[2026-08-11 20:19:11.333] [RBXClient] [trace] [30212]: Successfully retrieved RBXClient data (Primary)
[2026-08-11 20:19:11.333] [RBXClient] [info] [30212]: Waiting for Client Window
