[2026-08-11 17:30:57.105] [Xeno] [trace] Xeno is only maintained by Rizve. If you find any bugs, have any question, or just want to chat email me rizve@xeno.onl or DM me on Discord: .rizve
[2026-08-11 17:30:57.105] [Xeno] [info] Version: Xeno - v1.3.60
[2026-08-11 17:30:57.105] [Xeno] [info] Log file: C:\Users\seif9\source\repos\Ruby Exec 1\Ruby Exec 1\bin\x64\Debug\net10.0-windows\logs\2026-08-11_17-30-57.log
[2026-08-11 17:30:57.106] [Xeno] [debug] Client Checker thread: 0x5b7fcfeb80
[2026-08-11 17:30:57.106] [Xeno] [debug] Xeno Caching thread: 0x5b7fcfeb70
[2026-08-11 17:30:57.107] [Xeno] [debug] WebSockets Cleaner thread: 0x5b7fcfeb60
[2026-08-11 17:30:57.107] [Cache] [info] Caching file: C:\Users\seif9\AppData\Local\Xeno\XENO_CACHE.bin
[2026-08-11 17:30:57.107] [Xeno] [debug] Xeno Server thread: 0x5b7fcfeb50
[2026-08-11 17:30:57.107] [Cache] [info] Reattaching to cached client PID: 25952
[2026-08-11 17:30:57.107] [Cache] [info] Loaded existing cache: 1 RBXClients, 0 RBXBytecode, 0 RBXMFlags, 1 RBXClientInfos
[2026-08-11 17:30:57.107] [Xeno] [info] Creating new RBXClient: 25952
[2026-08-11 17:30:57.107] [RBXClient] [info] [25952]: Initializing...
[2026-08-11 17:30:57.108] [RBXClient] [info] [25952]: Version: version-d584fb6c717a43d9
[2026-08-11 17:30:57.108] [Xeno] [debug] Created RBXClient instance @0x209957a6120
[2026-08-11 17:30:57.108] [Xeno] [info] Successfully created RBXClient: 25952
[2026-08-11 17:30:57.108] [RBXClient] [trace] [25952]: Attempting to retrieve RBXClient data...
[2026-08-11 17:30:57.108] [Server] [info] Xeno Server is Live on http://localhost:3110
[2026-08-11 17:30:57.108] [Server] [info] Visit http://localhost:3110 to view any additional information
[2026-08-11 17:30:57.160] [RBXClient] [trace] [25952]: Successfully retrieved RBXClient data (Primary)
[2026-08-11 17:30:57.161] [Cache] [trace] [25952]: Client was previously activated and handled successfully
[2026-08-11 17:30:57.161] [RBXClient] [info] [25952]: RenderView retrieved from Cache: 0x233b54b3880
[2026-08-11 17:30:57.277] [RBXClient] [debug] [25952]: 1601 candidates found for the instruction
[2026-08-11 17:30:57.278] [RBXClient] [debug] [25952]:  Instruction address: 0x232a3dcc40a
[2026-08-11 17:30:57.279] [RBXClient] [debug] [25952]: Bytecode Patch Watcher thread: 0x5b008ff940
[2026-08-11 17:30:57.280] [RBXClient] [debug] [25952]: DataModel (LuaApp): 0x233b20d2648
[2026-08-11 17:30:57.281] [RBXClient] [debug] [25952]: LocalPlayer: 0x233b68a4880
[2026-08-11 17:30:57.281] [RBXClient] [debug] [acgplayerfan12121 (25952)]: LocalPlayer Name: 'acgplayerfan12121'
[2026-08-11 17:30:57.281] [RBXClient] [info] [acgplayerfan12121 (25952)]: Waiting for you to enter a game...
[2026-08-11 17:31:01.133] [Execution] [error] [25952]: Could not find a CoreModule; You are not attached properly. There might be a error with the client init script or your Roblox window failed to refresh
[2026-08-11 17:31:01.292] [Execution] [error] [25952]: Could not find a CoreModule; You are not attached properly. There might be a error with the client init script or your Roblox window failed to refresh
[2026-08-11 17:31:01.433] [Execution] [error] [25952]: Could not find a CoreModule; You are not attached properly. There might be a error with the client init script or your Roblox window failed to refresh
