[2026-08-11 20:09:22.962] [Xeno] [trace] Xeno is only maintained by Rizve. If you find any bugs, have any question, or just want to chat email me rizve@xeno.onl or DM me on Discord: .rizve
[2026-08-11 20:09:22.962] [Xeno] [info] Version: Xeno - v1.3.60
[2026-08-11 20:09:22.962] [Xeno] [info] Log file: C:\Users\seif9\source\repos\Ruby Exec 1\Ruby Exec 1\bin\x64\Debug\net10.0-windows\logs\2026-08-11_20-09-22.log
[2026-08-11 20:09:22.963] [Xeno] [debug] Client Checker thread: 0xdcf703e920
[2026-08-11 20:09:22.963] [Xeno] [debug] Xeno Caching thread: 0xdcf703e910
[2026-08-11 20:09:22.963] [Xeno] [debug] WebSockets Cleaner thread: 0xdcf703e900
[2026-08-11 20:09:22.963] [Cache] [info] Caching file: C:\Users\seif9\AppData\Local\Xeno\XENO_CACHE.bin
[2026-08-11 20:09:22.963] [Xeno] [debug] Xeno Server thread: 0xdcf703e8f0
[2026-08-11 20:09:22.964] [Cache] [info] Reattaching to cached client PID: 29560
[2026-08-11 20:09:22.964] [Cache] [info] Loaded existing cache: 1 RBXClients, 0 RBXBytecode, 0 RBXMFlags, 1 RBXClientInfos
[2026-08-11 20:09:22.964] [Xeno] [info] Creating new RBXClient: 29560
[2026-08-11 20:09:22.964] [RBXClient] [info] [29560]: Initializing...
[2026-08-11 20:09:22.964] [RBXClient] [info] [29560]: Version: version-d584fb6c717a43d9
[2026-08-11 20:09:22.964] [Xeno] [debug] Created RBXClient instance @0x21f957f4bd0
[2026-08-11 20:09:22.964] [Xeno] [info] Successfully created RBXClient: 29560
[2026-08-11 20:09:22.964] [RBXClient] [trace] [29560]: Attempting to retrieve RBXClient data...
[2026-08-11 20:09:22.964] [Server] [info] Xeno Server is Live on http://localhost:3110
[2026-08-11 20:09:22.964] [Server] [info] Visit http://localhost:3110 to view any additional information
[2026-08-11 20:09:23.030] [RBXClient] [trace] [29560]: Successfully retrieved RBXClient data (Primary)
[2026-08-11 20:09:23.030] [RBXClient] [info] [29560]: RenderView retrieved from Cache: 0x1f429dc3080
[2026-08-11 20:09:23.138] [RBXClient] [debug] [29560]: 1036 candidates found for the instruction
[2026-08-11 20:09:23.138] [RBXClient] [debug] [29560]:  Instruction address: 0x1f31724c40a
[2026-08-11 20:09:23.138] [RBXClient] [debug] [29560]: Bytecode Patch Watcher thread: 0xdcf793f4c0
[2026-08-11 20:09:23.139] [RBXClient] [debug] [29560]: DataModel (LuaApp): 0x1f425ce2648
[2026-08-11 20:09:23.140] [RBXClient] [debug] [29560]: LocalPlayer: 0x1f42c6a4880
[2026-08-11 20:09:23.140] [RBXClient] [debug] [acgplayerfan12121 (29560)]: LocalPlayer Name: 'acgplayerfan12121'
[2026-08-11 20:09:23.141] [RBXClient] [info] [acgplayerfan12121 (29560)]: Waiting for you to enter a game...
[2026-08-11 20:09:27.003] [Execution] [error] [29560]: Could not find a CoreModule; You are not attached properly. There might be a error with the client init script or your Roblox window failed to refresh
[2026-08-11 20:09:27.163] [Execution] [error] [29560]: Could not find a CoreModule; You are not attached properly. There might be a error with the client init script or your Roblox window failed to refresh
[2026-08-11 20:09:27.315] [Execution] [error] [29560]: Could not find a CoreModule; You are not attached properly. There might be a error with the client init script or your Roblox window failed to refresh
[2026-08-11 20:09:30.720] [Execution] [error] [29560]: Could not find a CoreModule; You are not attached properly. There might be a error with the client init script or your Roblox window failed to refresh
[2026-08-11 20:09:30.882] [Execution] [error] [29560]: Could not find a CoreModule; You are not attached properly. There might be a error with the client init script or your Roblox window failed to refresh
[2026-08-11 20:09:31.014] [Execution] [error] [29560]: Could not find a CoreModule; You are not attached properly. There might be a error with the client init script or your Roblox window failed to refresh
[2026-08-11 20:09:31.020] [Execution] [error] [29560]: Could not find a CoreModule; You are not attached properly. There might be a error with the client init script or your Roblox window failed to refresh
[2026-08-11 20:09:31.172] [Execution] [error] [29560]: Could not find a CoreModule; You are not attached properly. There might be a error with the client init script or your Roblox window failed to refresh
[2026-08-11 20:09:31.328] [Execution] [error] [29560]: Could not find a CoreModule; You are not attached properly. There might be a error with the client init script or your Roblox window failed to refresh
