[2026-08-12 13:18:33.043] [Xeno] [trace] Xeno is only maintained by Rizve. If you find any bugs, have any question, or just want to chat email me rizve@xeno.onl or DM me on Discord: .rizve
[2026-08-12 13:18:33.043] [Xeno] [info] Version: Xeno - v1.3.60
[2026-08-12 13:18:33.043] [Xeno] [info] Log file: C:\Users\seif9\source\repos\Ruby Exec 1\Ruby Exec 1\bin\x64\Debug\net10.0-windows\logs\2026-08-12_13-18-33.log
[2026-08-12 13:18:33.044] [Xeno] [debug] Client Checker thread: 0xec9cbbefd0
[2026-08-12 13:18:33.044] [Xeno] [debug] Xeno Caching thread: 0xec9cbbefc0
[2026-08-12 13:18:33.045] [Xeno] [debug] WebSockets Cleaner thread: 0xec9cbbefb0
[2026-08-12 13:18:33.045] [Cache] [info] Caching file: C:\Users\seif9\AppData\Local\Xeno\XENO_CACHE.bin
[2026-08-12 13:18:33.045] [Xeno] [debug] Xeno Server thread: 0xec9cbbefa0
[2026-08-12 13:18:33.046] [Server] [info] Xeno Server is Live on http://localhost:3110
[2026-08-12 13:18:33.046] [Server] [info] Visit http://localhost:3110 to view any additional information
[2026-08-12 13:18:33.060] [Xeno] [info] Creating new RBXClient: 36620
[2026-08-12 13:18:33.060] [RBXClient] [info] [36620]: Initializing...
[2026-08-12 13:18:33.060] [RBXClient] [info] [36620]: Version: version-d584fb6c717a43d9
[2026-08-12 13:18:33.061] [Xeno] [debug] Created RBXClient instance @0x2d897ec5b00
[2026-08-12 13:18:33.061] [Xeno] [info] Successfully created RBXClient: 36620
[2026-08-12 13:18:33.061] [RBXClient] [trace] [36620]: Attempting to retrieve RBXClient data...
[2026-08-12 13:18:33.102] [RBXClient] [trace] [36620]: Successfully retrieved RBXClient data (Primary)
[2026-08-12 13:18:33.104] [RBXClient] [debug] [36620]: Fetching DataModel...
[2026-08-12 13:18:33.187] [RBXClient] [debug] [36620]: 	String: 0x28c46349508
[2026-08-12 13:18:33.187] [RBXClient] [debug] [36620]: 	RenderView: 0x28c46533080
[2026-08-12 13:18:33.365] [RBXClient] [debug] [36620]: 3762 candidates found for the instruction
[2026-08-12 13:18:33.369] [RBXClient] [debug] [36620]:  Instruction address: 0x28b34b2c40a
[2026-08-12 13:18:33.369] [RBXClient] [debug] [36620]: Bytecode Patch Watcher thread: 0xeca0dbf960
[2026-08-12 13:18:33.370] [RBXClient] [debug] [36620]: DataModel (Ugc): 0x28c50def248
[2026-08-12 13:18:33.372] [RBXClient] [debug] [36620]: LocalPlayer: 0x28c62f70080
[2026-08-12 13:18:33.372] [RBXClient] [debug] [acgplayerfan12121 (36620)]: LocalPlayer Name: 'acgplayerfan12121'
[2026-08-12 13:18:33.372] [RBXClient] [trace] [acgplayerfan12121 (36620)]: Attaching in-game using translation module.
[2026-08-12 13:18:33.373] [Xeno] [debug] Patched translation module @0x28c524eac00
[2026-08-12 13:18:33.583] [RBXClient] [trace] [acgplayerfan12121 (36620)]: Intercepted translation module @0x28c524eac00
[2026-08-12 13:18:33.597] [RBXClient] [trace] [acgplayerfan12121 (36620)][::CRefresh]: Client DataModel refreshed
[2026-08-12 13:18:33.604] [RBXClient] [trace] [acgplayerfan12121 (36620)][::HandleAutoExecute]: Executed 1 script(s) from autoexec directory
[2026-08-12 13:18:33.617] [RBXClient] [trace] [acgplayerfan12121 (36620)]: Attach ping received from client "acgplayerfan12121", This indicates everything was successful.
[2026-08-12 13:18:37.373] [Execution] [warning] [36620]: Could not verify that the execution module has changed. Script may not be executed! (Your Roblox client cannot keep up and may be overloaded)
[2026-08-12 13:18:44.802] [WebSocket] [error] [36620]: WebSocket returned error "(Unable to connect to echo.websocket.events on port 80, error: Hôte inconnu. )" for url 'ws://echo.websocket.events'
