[2026-08-11 20:06:47.907] [Xeno] [trace] Xeno is only maintained by Rizve. If you find any bugs, have any question, or just want to chat email me rizve@xeno.onl or DM me on Discord: .rizve
[2026-08-11 20:06:47.907] [Xeno] [info] Version: Xeno - v1.3.60
[2026-08-11 20:06:47.907] [Xeno] [info] Log file: C:\Users\seif9\source\repos\Ruby Exec 1\Ruby Exec 1\bin\x64\Debug\net10.0-windows\logs\2026-08-11_20-06-47.log
[2026-08-11 20:06:47.908] [Xeno] [debug] Client Checker thread: 0x7e6d1bec00
[2026-08-11 20:06:47.908] [Xeno] [debug] Xeno Caching thread: 0x7e6d1bebf0
[2026-08-11 20:06:47.908] [Xeno] [debug] WebSockets Cleaner thread: 0x7e6d1bebe0
[2026-08-11 20:06:47.908] [Cache] [info] Caching file: C:\Users\seif9\AppData\Local\Xeno\XENO_CACHE.bin
[2026-08-11 20:06:47.908] [Xeno] [debug] Xeno Server thread: 0x7e6d1bebd0
[2026-08-11 20:06:47.908] [Cache] [info] Reattaching to cached client PID: 29560
[2026-08-11 20:06:47.909] [Cache] [info] Loaded existing cache: 1 RBXClients, 0 RBXBytecode, 0 RBXMFlags, 1 RBXClientInfos
[2026-08-11 20:06:47.909] [Xeno] [info] Creating new RBXClient: 29560
[2026-08-11 20:06:47.909] [RBXClient] [info] [29560]: Initializing...
[2026-08-11 20:06:47.909] [RBXClient] [info] [29560]: Version: version-d584fb6c717a43d9
[2026-08-11 20:06:47.909] [Xeno] [debug] Created RBXClient instance @0x24b97471690
[2026-08-11 20:06:47.909] [Xeno] [info] Successfully created RBXClient: 29560
[2026-08-11 20:06:47.909] [Server] [info] Xeno Server is Live on http://localhost:3110
[2026-08-11 20:06:47.909] [Server] [info] Visit http://localhost:3110 to view any additional information
[2026-08-11 20:06:47.909] [RBXClient] [trace] [29560]: Attempting to retrieve RBXClient data...
[2026-08-11 20:06:47.962] [RBXClient] [trace] [29560]: Successfully retrieved RBXClient data (Primary)
[2026-08-11 20:06:47.963] [RBXClient] [info] [29560]: RenderView retrieved from Cache: 0x1f429dc3080
[2026-08-11 20:06:48.105] [RBXClient] [debug] [29560]: 961 candidates found for the instruction
[2026-08-11 20:06:48.106] [RBXClient] [debug] [29560]:  Instruction address: 0x1f31724c40a
[2026-08-11 20:06:48.106] [RBXClient] [debug] [29560]: Bytecode Patch Watcher thread: 0x7e6ddbfa00
[2026-08-11 20:06:48.107] [RBXClient] [debug] [29560]: DataModel (LuaApp): 0x1f425ce2648
[2026-08-11 20:06:48.108] [RBXClient] [debug] [29560]: LocalPlayer: 0x1f42c6a4880
[2026-08-11 20:06:48.108] [RBXClient] [debug] [acgplayerfan12121 (29560)]: LocalPlayer Name: 'acgplayerfan12121'
[2026-08-11 20:06:48.109] [RBXClient] [info] [acgplayerfan12121 (29560)]: Waiting for you to enter a game...
[2026-08-11 20:06:51.956] [Execution] [error] [29560]: Could not find a CoreModule; You are not attached properly. There might be a error with the client init script or your Roblox window failed to refresh
[2026-08-11 20:06:52.118] [Execution] [error] [29560]: Could not find a CoreModule; You are not attached properly. There might be a error with the client init script or your Roblox window failed to refresh
[2026-08-11 20:06:52.272] [Execution] [error] [29560]: Could not find a CoreModule; You are not attached properly. There might be a error with the client init script or your Roblox window failed to refresh
[2026-08-11 20:07:08.060] [Execution] [error] [29560]: Could not find a CoreModule; You are not attached properly. There might be a error with the client init script or your Roblox window failed to refresh
[2026-08-11 20:07:08.218] [Execution] [error] [29560]: Could not find a CoreModule; You are not attached properly. There might be a error with the client init script or your Roblox window failed to refresh
[2026-08-11 20:07:08.306] [Execution] [error] [29560]: Could not find a CoreModule; You are not attached properly. There might be a error with the client init script or your Roblox window failed to refresh
[2026-08-11 20:07:08.371] [Execution] [error] [29560]: Could not find a CoreModule; You are not attached properly. There might be a error with the client init script or your Roblox window failed to refresh
[2026-08-11 20:07:08.466] [Execution] [error] [29560]: Could not find a CoreModule; You are not attached properly. There might be a error with the client init script or your Roblox window failed to refresh
[2026-08-11 20:07:08.620] [Execution] [error] [29560]: Could not find a CoreModule; You are not attached properly. There might be a error with the client init script or your Roblox window failed to refresh
[2026-08-11 20:07:08.703] [Execution] [error] [29560]: Could not find a CoreModule; You are not attached properly. There might be a error with the client init script or your Roblox window failed to refresh
[2026-08-11 20:07:08.854] [Execution] [error] [29560]: Could not find a CoreModule; You are not attached properly. There might be a error with the client init script or your Roblox window failed to refresh
[2026-08-11 20:07:08.921] [Execution] [error] [29560]: Could not find a CoreModule; You are not attached properly. There might be a error with the client init script or your Roblox window failed to refresh
[2026-08-11 20:07:09.007] [Execution] [error] [29560]: Could not find a CoreModule; You are not attached properly. There might be a error with the client init script or your Roblox window failed to refresh
[2026-08-11 20:07:09.084] [Execution] [error] [29560]: Could not find a CoreModule; You are not attached properly. There might be a error with the client init script or your Roblox window failed to refresh
[2026-08-11 20:07:09.204] [Execution] [error] [29560]: Could not find a CoreModule; You are not attached properly. There might be a error with the client init script or your Roblox window failed to refresh
[2026-08-11 20:07:09.224] [Execution] [error] [29560]: Could not find a CoreModule; You are not attached properly. There might be a error with the client init script or your Roblox window failed to refresh
[2026-08-11 20:07:09.362] [Execution] [error] [29560]: Could not find a CoreModule; You are not attached properly. There might be a error with the client init script or your Roblox window failed to refresh
[2026-08-11 20:07:09.442] [Execution] [error] [29560]: Could not find a CoreModule; You are not attached properly. There might be a error with the client init script or your Roblox window failed to refresh
[2026-08-11 20:07:09.518] [Execution] [error] [29560]: Could not find a CoreModule; You are not attached properly. There might be a error with the client init script or your Roblox window failed to refresh
[2026-08-11 20:07:09.596] [Execution] [error] [29560]: Could not find a CoreModule; You are not attached properly. There might be a error with the client init script or your Roblox window failed to refresh
[2026-08-11 20:07:09.708] [Execution] [error] [29560]: Could not find a CoreModule; You are not attached properly. There might be a error with the client init script or your Roblox window failed to refresh
[2026-08-11 20:07:09.750] [Execution] [error] [29560]: Could not find a CoreModule; You are not attached properly. There might be a error with the client init script or your Roblox window failed to refresh
[2026-08-11 20:07:09.873] [Execution] [error] [29560]: Could not find a CoreModule; You are not attached properly. There might be a error with the client init script or your Roblox window failed to refresh
[2026-08-11 20:07:09.976] [Execution] [error] [29560]: Could not find a CoreModule; You are not attached properly. There might be a error with the client init script or your Roblox window failed to refresh
[2026-08-11 20:07:10.012] [Execution] [error] [29560]: Could not find a CoreModule; You are not attached properly. There might be a error with the client init script or your Roblox window failed to refresh
[2026-08-11 20:07:10.137] [Execution] [error] [29560]: Could not find a CoreModule; You are not attached properly. There might be a error with the client init script or your Roblox window failed to refresh
[2026-08-11 20:07:10.266] [Execution] [error] [29560]: Could not find a CoreModule; You are not attached properly. There might be a error with the client init script or your Roblox window failed to refresh
[2026-08-11 20:07:10.290] [Execution] [error] [29560]: Could not find a CoreModule; You are not attached properly. There might be a error with the client init script or your Roblox window failed to refresh
[2026-08-11 20:07:10.429] [Execution] [error] [29560]: Could not find a CoreModule; You are not attached properly. There might be a error with the client init script or your Roblox window failed to refresh
[2026-08-11 20:07:10.566] [Execution] [error] [29560]: Could not find a CoreModule; You are not attached properly. There might be a error with the client init script or your Roblox window failed to refresh
