[2026-08-11 16:07:49.824] [Xeno] [trace] Xeno is only maintained by Rizve. If you find any bugs, have any question, or just want to chat email me rizve@xeno.onl or DM me on Discord: .rizve
[2026-08-11 16:07:49.824] [Xeno] [info] Version: Xeno - v1.3.60
[2026-08-11 16:07:49.824] [Xeno] [info] Log file: C:\Users\seif9\source\repos\Ruby Exec 1\Ruby Exec 1\bin\x64\Debug\net10.0-windows\logs\2026-08-11_16-07-49.log
[2026-08-11 16:07:49.825] [Xeno] [debug] Client Checker thread: 0x6ede77d4a0
[2026-08-11 16:07:49.825] [Xeno] [debug] Xeno Caching thread: 0x6ede77d490
[2026-08-11 16:07:49.825] [Xeno] [debug] WebSockets Cleaner thread: 0x6ede77d480
[2026-08-11 16:07:49.826] [Cache] [info] Caching file: C:\Users\seif9\AppData\Local\Xeno\XENO_CACHE.bin
[2026-08-11 16:07:49.826] [Xeno] [debug] Xeno Server thread: 0x6ede77d470
[2026-08-11 16:07:49.826] [Cache] [warning] Failed to read cached client PID #0
[2026-08-11 16:07:49.826] [Server] [info] Xeno Server is Live on http://localhost:3110
[2026-08-11 16:07:49.826] [Server] [info] Visit http://localhost:3110 to view any additional information
[2026-08-11 16:07:49.836] [Xeno] [info] Creating new RBXClient: 9356
[2026-08-11 16:07:49.836] [RBXClient] [info] [9356]: Initializing...
[2026-08-11 16:07:49.836] [RBXClient] [info] [9356]: Version: version-d584fb6c717a43d9
[2026-08-11 16:07:49.836] [Xeno] [debug] Created RBXClient instance @0x1e995739a70
[2026-08-11 16:07:49.836] [Xeno] [info] Successfully created RBXClient: 9356
[2026-08-11 16:07:49.836] [RBXClient] [trace] [9356]: Attempting to retrieve RBXClient data...
[2026-08-11 16:07:49.877] [RBXClient] [trace] [9356]: Successfully retrieved RBXClient data (Primary)
[2026-08-11 16:07:49.877] [RBXClient] [info] [9356]: Waiting for Client Window
[2026-08-11 16:07:53.930] [Execution] [error] [9356]: DataModel address is invalid
[2026-08-11 16:07:54.091] [Execution] [error] [9356]: DataModel address is invalid
[2026-08-11 16:07:54.242] [Execution] [error] [9356]: DataModel address is invalid
[2026-08-11 16:07:59.888] [RBXClient] [critical] [9356]: Timeout (10s) exceeded while waiting for window
[2026-08-11 16:08:00.029] [RBXClient] [trace] [[!] Failed (9356)][::~RBXClient]: Client was closed and cleaned up successfully
[2026-08-11 16:08:00.029] [Xeno] [info] Removed RBXClient: 9356
[2026-08-11 16:08:05.037] [Xeno] [info] Cleaned up '9356' from InitializedClients
