[2026-08-11 19:25:11.808] [Xeno] [trace] Xeno is only maintained by Rizve. If you find any bugs, have any question, or just want to chat email me rizve@xeno.onl or DM me on Discord: .rizve
[2026-08-11 19:25:11.808] [Xeno] [info] Version: Xeno - v1.3.60
[2026-08-11 19:25:11.808] [Xeno] [info] Log file: C:\Users\seif9\source\repos\Ruby Exec 1\Ruby Exec 1\bin\x64\Debug\net10.0-windows\logs\2026-08-11_19-25-11.log
[2026-08-11 19:25:11.809] [Xeno] [debug] Client Checker thread: 0xc9921beac0
[2026-08-11 19:25:11.809] [Xeno] [debug] Xeno Caching thread: 0xc9921beab0
[2026-08-11 19:25:11.810] [Xeno] [debug] WebSockets Cleaner thread: 0xc9921beaa0
[2026-08-11 19:25:11.810] [Cache] [info] Caching file: C:\Users\seif9\AppData\Local\Xeno\XENO_CACHE.bin
[2026-08-11 19:25:11.810] [Xeno] [debug] Xeno Server thread: 0xc9921bea90
[2026-08-11 19:25:11.810] [Cache] [warning] Failed to read cached client PID #0
[2026-08-11 19:25:11.810] [Cache] [info] Loaded existing cache: 0 RBXClients, 0 RBXBytecode, 0 RBXMFlags, 1 RBXClientInfos
[2026-08-11 19:25:11.810] [Server] [info] Xeno Server is Live on http://localhost:3110
[2026-08-11 19:25:11.810] [Server] [info] Visit http://localhost:3110 to view any additional information
[2026-08-11 19:25:11.823] [Xeno] [info] Creating new RBXClient: 29560
[2026-08-11 19:25:11.823] [RBXClient] [info] [29560]: Initializing...
[2026-08-11 19:25:11.823] [RBXClient] [info] [29560]: Version: version-d584fb6c717a43d9
[2026-08-11 19:25:11.823] [Xeno] [debug] Created RBXClient instance @0x2b81c94b4b0
[2026-08-11 19:25:11.823] [Xeno] [info] Successfully created RBXClient: 29560
[2026-08-11 19:25:11.823] [RBXClient] [trace] [29560]: Attempting to retrieve RBXClient data...
[2026-08-11 19:25:11.860] [RBXClient] [trace] [29560]: Successfully retrieved RBXClient data (Primary)
[2026-08-11 19:25:11.860] [RBXClient] [info] [29560]: RenderView retrieved from Cache: 0x1f429dc3080
[2026-08-11 19:25:11.959] [RBXClient] [debug] [29560]: 797 candidates found for the instruction
[2026-08-11 19:25:11.960] [RBXClient] [warning] [29560]: Failed to find a valid instruction candidate. Retrying... Attempts left: 4
[2026-08-11 19:25:12.186] [RBXClient] [debug] [29560]: 797 candidates found for the instruction
[2026-08-11 19:25:12.187] [RBXClient] [warning] [29560]: Failed to find a valid instruction candidate. Retrying... Attempts left: 3
[2026-08-11 19:25:12.391] [RBXClient] [debug] [29560]: 797 candidates found for the instruction
[2026-08-11 19:25:12.392] [RBXClient] [warning] [29560]: Failed to find a valid instruction candidate. Retrying... Attempts left: 2
[2026-08-11 19:25:12.616] [RBXClient] [debug] [29560]: 799 candidates found for the instruction
[2026-08-11 19:25:12.617] [RBXClient] [warning] [29560]: Failed to find a valid instruction candidate. Retrying... Attempts left: 1
[2026-08-11 19:25:12.824] [RBXClient] [debug] [29560]: 799 candidates found for the instruction
[2026-08-11 19:25:12.824] [RBXClient] [warning] [29560]: Failed to find a valid instruction candidate. Retrying... Attempts left: 0
[2026-08-11 19:25:12.934] [RBXClient] [critical] [29560]: Failed to find a internal function instruction
[2026-08-11 19:25:15.854] [Execution] [error] [29560]: Could not find a CoreModule; Client is not attached
[2026-08-11 19:25:16.014] [Execution] [error] [29560]: Could not find a CoreModule; Client is not attached
[2026-08-11 19:25:16.167] [Execution] [error] [29560]: Could not find a CoreModule; Client is not attached
[2026-08-11 19:25:20.960] [Execution] [error] [29560]: Could not find a CoreModule; Client is not attached
[2026-08-11 19:25:21.109] [Execution] [error] [29560]: Could not find a CoreModule; Client is not attached
[2026-08-11 19:25:21.111] [Execution] [error] [29560]: Could not find a CoreModule; Client is not attached
[2026-08-11 19:25:21.265] [Execution] [error] [29560]: Could not find a CoreModule; Client is not attached
[2026-08-11 19:25:21.266] [Execution] [error] [29560]: Could not find a CoreModule; Client is not attached
[2026-08-11 19:25:21.266] [Execution] [error] [29560]: Could not find a CoreModule; Client is not attached
[2026-08-11 19:25:21.418] [Execution] [error] [29560]: Could not find a CoreModule; Client is not attached
[2026-08-11 19:25:21.418] [Execution] [error] [29560]: Could not find a CoreModule; Client is not attached
[2026-08-11 19:25:21.572] [Execution] [error] [29560]: Could not find a CoreModule; Client is not attached
