[2026-08-11 19:17:36.709] [Xeno] [trace] Xeno is only maintained by Rizve. If you find any bugs, have any question, or just want to chat email me rizve@xeno.onl or DM me on Discord: .rizve
[2026-08-11 19:17:36.709] [Xeno] [info] Version: Xeno - v1.3.60
[2026-08-11 19:17:36.709] [Xeno] [info] Log file: C:\Users\seif9\source\repos\Ruby Exec 1\Ruby Exec 1\bin\x64\Debug\net10.0-windows\logs\2026-08-11_19-17-36.log
[2026-08-11 19:17:36.710] [Xeno] [debug] Client Checker thread: 0x29fc9feeb0
[2026-08-11 19:17:36.710] [Xeno] [debug] Xeno Caching thread: 0x29fc9feea0
[2026-08-11 19:17:36.710] [Xeno] [debug] WebSockets Cleaner thread: 0x29fc9fee90
[2026-08-11 19:17:36.710] [Cache] [info] Caching file: C:\Users\seif9\AppData\Local\Xeno\XENO_CACHE.bin
[2026-08-11 19:17:36.710] [Xeno] [debug] Xeno Server thread: 0x29fc9fee80
[2026-08-11 19:17:36.710] [Cache] [info] Reattaching to cached client PID: 28316
[2026-08-11 19:17:36.710] [Cache] [info] Loaded existing cache: 1 RBXClients, 0 RBXBytecode, 0 RBXMFlags, 1 RBXClientInfos
[2026-08-11 19:17:36.711] [Xeno] [info] Creating new RBXClient: 28316
[2026-08-11 19:17:36.711] [RBXClient] [info] [28316]: Initializing...
[2026-08-11 19:17:36.711] [RBXClient] [info] [28316]: Version: version-d584fb6c717a43d9
[2026-08-11 19:17:36.711] [Xeno] [debug] Created RBXClient instance @0x1859503ee90
[2026-08-11 19:17:36.711] [Xeno] [info] Successfully created RBXClient: 28316
[2026-08-11 19:17:36.711] [RBXClient] [trace] [28316]: Attempting to retrieve RBXClient data...
[2026-08-11 19:17:36.711] [Server] [info] Xeno Server is Live on http://localhost:3110
[2026-08-11 19:17:36.711] [Server] [info] Visit http://localhost:3110 to view any additional information
[2026-08-11 19:17:36.761] [RBXClient] [trace] [28316]: Successfully retrieved RBXClient data (Primary)
[2026-08-11 19:17:36.761] [RBXClient] [info] [28316]: RenderView retrieved from Cache: 0x20627253880
[2026-08-11 19:17:36.883] [RBXClient] [debug] [28316]: 1246 candidates found for the instruction
[2026-08-11 19:17:36.883] [RBXClient] [debug] [28316]:  Instruction address: 0x20514d3c40a
[2026-08-11 19:17:36.884] [RBXClient] [debug] [28316]: Bytecode Patch Watcher thread: 0x29fdbff9a0
[2026-08-11 19:17:36.885] [RBXClient] [debug] [28316]: DataModel (LuaApp): 0x20621b22648
[2026-08-11 19:17:36.886] [RBXClient] [debug] [28316]: LocalPlayer: 0x20621db6080
[2026-08-11 19:17:36.886] [RBXClient] [debug] [acgplayerfan12121 (28316)]: LocalPlayer Name: 'acgplayerfan12121'
[2026-08-11 19:17:36.886] [RBXClient] [info] [acgplayerfan12121 (28316)]: Waiting for you to enter a game...
[2026-08-11 19:17:40.752] [Execution] [error] [28316]: Could not find a CoreModule; You are not attached properly. There might be a error with the client init script or your Roblox window failed to refresh
[2026-08-11 19:17:40.911] [Execution] [error] [28316]: Could not find a CoreModule; You are not attached properly. There might be a error with the client init script or your Roblox window failed to refresh
[2026-08-11 19:17:41.065] [Execution] [error] [28316]: Could not find a CoreModule; You are not attached properly. There might be a error with the client init script or your Roblox window failed to refresh
