[2026-08-12 13:15:06.999] [Xeno] [trace] Xeno is only maintained by Rizve. If you find any bugs, have any question, or just want to chat email me rizve@xeno.onl or DM me on Discord: .rizve
[2026-08-12 13:15:06.999] [Xeno] [info] Version: Xeno - v1.3.60
[2026-08-12 13:15:06.999] [Xeno] [info] Log file: C:\Users\seif9\source\repos\Ruby Exec 1\Ruby Exec 1\bin\x64\Debug\net10.0-windows\logs\2026-08-12_13-15-06.log
[2026-08-12 13:15:07.000] [Xeno] [debug] Client Checker thread: 0x1314c3eae0
[2026-08-12 13:15:07.000] [Xeno] [debug] Xeno Caching thread: 0x1314c3ead0
[2026-08-12 13:15:07.000] [Xeno] [debug] WebSockets Cleaner thread: 0x1314c3eac0
[2026-08-12 13:15:07.000] [Cache] [info] Caching file: C:\Users\seif9\AppData\Local\Xeno\XENO_CACHE.bin
[2026-08-12 13:15:07.001] [Xeno] [debug] Xeno Server thread: 0x1314c3eab0
[2026-08-12 13:15:07.001] [Server] [info] Xeno Server is Live on http://localhost:3110
[2026-08-12 13:15:07.001] [Server] [info] Visit http://localhost:3110 to view any additional information
[2026-08-12 13:15:07.012] [Xeno] [info] Creating new RBXClient: 37332
[2026-08-12 13:15:07.012] [RBXClient] [info] [37332]: Initializing...
[2026-08-12 13:15:07.013] [RBXClient] [info] [37332]: Version: version-d584fb6c717a43d9
[2026-08-12 13:15:07.013] [Xeno] [debug] Created RBXClient instance @0x1fc8ffad450
[2026-08-12 13:15:07.013] [Xeno] [info] Successfully created RBXClient: 37332
[2026-08-12 13:15:07.013] [RBXClient] [trace] [37332]: Attempting to retrieve RBXClient data...
[2026-08-12 13:15:07.053] [RBXClient] [trace] [37332]: Successfully retrieved RBXClient data (Primary)
[2026-08-12 13:15:07.053] [RBXClient] [debug] [37332]: Fetching DataModel...
[2026-08-12 13:15:07.091] [RBXClient] [debug] [37332]: 	String: 0x1b41c214a08
[2026-08-12 13:15:07.091] [RBXClient] [debug] [37332]: 	RenderView: 0x1b40a2e3080
[2026-08-12 13:15:07.223] [RBXClient] [debug] [37332]: 2484 candidates found for the instruction
[2026-08-12 13:15:07.226] [RBXClient] [warning] [37332]: Failed to find a valid instruction candidate. Retrying... Attempts left: 4
[2026-08-12 13:15:07.502] [RBXClient] [debug] [37332]: 2518 candidates found for the instruction
[2026-08-12 13:15:07.505] [RBXClient] [warning] [37332]: Failed to find a valid instruction candidate. Retrying... Attempts left: 3
[2026-08-12 13:15:07.763] [RBXClient] [debug] [37332]: 2526 candidates found for the instruction
[2026-08-12 13:15:07.766] [RBXClient] [warning] [37332]: Failed to find a valid instruction candidate. Retrying... Attempts left: 2
[2026-08-12 13:15:08.052] [RBXClient] [debug] [37332]: 2526 candidates found for the instruction
[2026-08-12 13:15:08.054] [RBXClient] [warning] [37332]: Failed to find a valid instruction candidate. Retrying... Attempts left: 1
[2026-08-12 13:15:08.316] [RBXClient] [debug] [37332]: 2517 candidates found for the instruction
[2026-08-12 13:15:08.319] [RBXClient] [warning] [37332]: Failed to find a valid instruction candidate. Retrying... Attempts left: 0
[2026-08-12 13:15:08.420] [RBXClient] [critical] [37332]: Failed to find a internal function instruction
[2026-08-12 13:15:11.054] [Execution] [error] [37332]: Could not find a CoreModule; Client is not attached
[2026-08-12 13:15:11.073] [Execution] [error] [37332]: Could not find a CoreModule; Client is not attached
[2026-08-12 13:15:11.216] [Execution] [error] [37332]: Could not find a CoreModule; Client is not attached
[2026-08-12 13:15:11.231] [Execution] [error] [37332]: Could not find a CoreModule; Client is not attached
[2026-08-12 13:15:11.358] [Execution] [error] [37332]: Could not find a CoreModule; Client is not attached
[2026-08-12 13:15:11.387] [Execution] [error] [37332]: Could not find a CoreModule; Client is not attached
[2026-08-12 13:15:12.829] [Execution] [error] [37332]: Could not find a CoreModule; Client is not attached
[2026-08-12 13:15:12.993] [Execution] [error] [37332]: Could not find a CoreModule; Client is not attached
[2026-08-12 13:15:13.131] [Execution] [error] [37332]: Could not find a CoreModule; Client is not attached
[2026-08-12 13:15:24.268] [RBXClient] [trace] [[!] Failed (37332)][::~RBXClient]: Client was closed and cleaned up successfully
[2026-08-12 13:15:24.268] [Xeno] [info] Removed RBXClient: 37332
