[2026-08-11 20:31:56.447] [Xeno] [trace] Xeno is only maintained by Rizve. If you find any bugs, have any question, or just want to chat email me rizve@xeno.onl or DM me on Discord: .rizve
[2026-08-11 20:31:56.447] [Xeno] [info] Version: Xeno - v1.3.60
[2026-08-11 20:31:56.447] [Xeno] [info] Log file: C:\Users\seif9\source\repos\Ruby Exec 1\Ruby Exec 1\bin\x64\Debug\net10.0-windows\logs\2026-08-11_20-31-56.log
[2026-08-11 20:31:56.448] [Xeno] [debug] Client Checker thread: 0x1e6f97e300
[2026-08-11 20:31:56.448] [Xeno] [debug] Xeno Caching thread: 0x1e6f97e2f0
[2026-08-11 20:31:56.448] [Xeno] [debug] WebSockets Cleaner thread: 0x1e6f97e2e0
[2026-08-11 20:31:56.448] [Cache] [info] Caching file: C:\Users\seif9\AppData\Local\Xeno\XENO_CACHE.bin
[2026-08-11 20:31:56.448] [Xeno] [debug] Xeno Server thread: 0x1e6f97e2d0
[2026-08-11 20:31:56.449] [Server] [info] Xeno Server is Live on http://localhost:3110
[2026-08-11 20:31:56.449] [Server] [info] Visit http://localhost:3110 to view any additional information
[2026-08-11 20:31:57.245] [Xeno] [info] Creating new RBXClient: 28072
[2026-08-11 20:31:57.245] [RBXClient] [info] [28072]: Initializing...
[2026-08-11 20:31:57.245] [RBXClient] [info] [28072]: Version: version-d584fb6c717a43d9
[2026-08-11 20:31:57.246] [Xeno] [debug] Created RBXClient instance @0x20395be0370
[2026-08-11 20:31:57.246] [Xeno] [info] Successfully created RBXClient: 28072
[2026-08-11 20:31:57.246] [RBXClient] [trace] [28072]: Attempting to retrieve RBXClient data...
[2026-08-11 20:31:57.292] [RBXClient] [trace] [28072]: Successfully retrieved RBXClient data (Primary)
[2026-08-11 20:31:57.293] [RBXClient] [info] [28072]: Waiting for Client Window
[2026-08-11 20:32:01.278] [Execution] [error] [28072]: DataModel address is invalid
[2026-08-11 20:32:01.286] [Execution] [error] [28072]: DataModel address is invalid
[2026-08-11 20:32:01.445] [Execution] [error] [28072]: DataModel address is invalid
[2026-08-11 20:32:01.445] [Execution] [error] [28072]: DataModel address is invalid
[2026-08-11 20:32:01.587] [Execution] [error] [28072]: DataModel address is invalid
[2026-08-11 20:32:01.587] [Execution] [error] [28072]: DataModel address is invalid
[2026-08-11 20:32:06.626] [RBXClient] [info] [28072]: Client window is now available
[2026-08-11 20:32:06.626] [RBXClient] [debug] [28072]: Fetching DataModel...
[2026-08-11 20:32:06.674] [RBXClient] [debug] [28072]: 	String: 0x1ef16959508
[2026-08-11 20:32:06.674] [RBXClient] [debug] [28072]: 	RenderView: 0x1ef16bc3080
[2026-08-11 20:32:06.796] [RBXClient] [debug] [28072]: 2515 candidates found for the instruction
[2026-08-11 20:32:06.798] [RBXClient] [debug] [28072]:  Instruction address: 0x1ee0513c40a
[2026-08-11 20:32:06.798] [RBXClient] [debug] [28072]: Bytecode Patch Watcher thread: 0x1e7babf500
[2026-08-11 20:32:06.798] [RBXClient] [info] [28072]: 	Waiting for DataModel...
[2026-08-11 20:32:07.239] [RBXClient] [debug] [28072]: DataModel (LuaApp): 0x1ef137d2648
[2026-08-11 20:32:07.240] [RBXClient] [debug] [28072]: LocalPlayer: 0x1ef13006080
[2026-08-11 20:32:07.240] [RBXClient] [debug] [acgplayerfan12121 (28072)]: LocalPlayer Name: 'acgplayerfan12121'
[2026-08-11 20:32:07.241] [RBXClient] [info] [acgplayerfan12121 (28072)]: Waiting for you to enter a game...
[2026-08-11 20:32:11.726] [RBXClient] [info] [acgplayerfan12121 (28072)]:  Game has loaded (yielding)
[2026-08-11 20:32:11.726] [RBXClient] [trace] [acgplayerfan12121 (28072)]: Attaching in-game using translation module.
[2026-08-11 20:32:11.727] [Xeno] [debug] Patched translation module @0x1ef243aac00
[2026-08-11 20:32:11.936] [RBXClient] [trace] [acgplayerfan12121 (28072)]: Intercepted translation module @0x1ef243aac00
[2026-08-11 20:32:11.964] [RBXClient] [trace] [acgplayerfan12121 (28072)][::CRefresh]: Client DataModel refreshed
[2026-08-11 20:32:11.972] [RBXClient] [trace] [acgplayerfan12121 (28072)][::HandleAutoExecute]: Executed 1 script(s) from autoexec directory
[2026-08-11 20:32:11.987] [RBXClient] [trace] [acgplayerfan12121 (28072)]: Attach ping received from client "acgplayerfan12121", This indicates everything was successful.
[2026-08-11 20:32:33.535] [Execution] [warning] [28072]: Could not verify that the execution module has changed. Script may not be executed! (Your Roblox client cannot keep up and may be overloaded)
[2026-08-11 20:32:33.749] [Execution] [warning] [28072]: Could not verify that the execution module has changed. Script may not be executed! (Your Roblox client cannot keep up and may be overloaded)
[2026-08-11 20:32:38.403] [RBXClient] [trace] [acgplayerfan12121 (28072)][::BytecodePatchWatcherT]: Threshold reached. Workers failed to call restore (Automatically restoring to prevent crash)
[2026-08-11 20:32:40.692] [RBXClient] [trace] [acgplayerfan12121 (28072)][::~RBXClient]: Client was closed and cleaned up successfully
[2026-08-11 20:32:40.692] [Xeno] [info] Removed RBXClient: 28072
[2026-08-11 20:32:45.699] [Xeno] [info] Cleaned up '28072' from InitializedClients
