[2026-08-14 14:18:09.343] [Xeno] [trace] Xeno is only maintained by Rizve. If you find any bugs, have any question, or just want to chat email me rizve@xeno.onl or DM me on Discord: .rizve
[2026-08-14 14:18:09.343] [Xeno] [info] Version: Xeno - v1.3.60
[2026-08-14 14:18:09.343] [Xeno] [info] Log file: C:\Users\seif9\source\repos\Ruby Exec 2 bac\Ruby Exec 1\bin\x64\Debug\net10.0-windows\logs\2026-08-14_14-18-09.log
[2026-08-14 14:18:09.347] [Xeno] [debug] Client Checker thread: 0xb78b77eeb0
[2026-08-14 14:18:09.347] [Xeno] [debug] Xeno Caching thread: 0xb78b77eea0
[2026-08-14 14:18:09.347] [Xeno] [debug] WebSockets Cleaner thread: 0xb78b77ee90
[2026-08-14 14:18:09.347] [Cache] [info] Caching file: C:\Users\seif9\AppData\Local\Xeno\XENO_CACHE.bin
[2026-08-14 14:18:09.347] [Xeno] [debug] Xeno Server thread: 0xb78b77ee80
[2026-08-14 14:18:09.348] [Server] [info] Xeno Server is Live on http://localhost:3110
[2026-08-14 14:18:09.349] [Server] [info] Visit http://localhost:3110 to view any additional information
[2026-08-14 14:18:09.365] [Xeno] [info] Creating new RBXClient: 46412
[2026-08-14 14:18:09.365] [RBXClient] [info] [46412]: Initializing...
[2026-08-14 14:18:09.365] [RBXClient] [info] [46412]: Version: version-ddf602d9cfe44005
[2026-08-14 14:18:09.365] [Xeno] [debug] Created RBXClient instance @0x1c5936c9880
[2026-08-14 14:18:09.365] [Xeno] [info] Successfully created RBXClient: 46412
[2026-08-14 14:18:09.365] [RBXClient] [trace] [46412]: Attempting to retrieve RBXClient data...
[2026-08-14 14:18:09.409] [RBXClient] [trace] [46412]: Successfully retrieved RBXClient data (Primary)
[2026-08-14 14:18:09.410] [RBXClient] [trace] [46412]: Offsets for version "version-ddf602d9cfe44005" points to version "version-2269b67864ab4ad4" with same offsets
[2026-08-14 14:18:09.410] [RBXClient] [debug] [46412]: Fetching DataModel...
[2026-08-14 14:18:09.552] [RBXClient] [debug] [46412]: 	String: 0x22cd0570b90
[2026-08-14 14:18:09.552] [RBXClient] [debug] [46412]: 	RenderView: 0x22cc6c73880
[2026-08-14 14:18:09.779] [RBXClient] [debug] [46412]: 2219 candidates found for the instruction
[2026-08-14 14:18:09.781] [RBXClient] [debug] [46412]:  Instruction address: 0x22bb312c0ba
[2026-08-14 14:18:09.781] [RBXClient] [debug] [46412]: Bytecode Patch Watcher thread: 0xb78f67f380
[2026-08-14 14:18:09.783] [RBXClient] [debug] [46412]: DataModel (Ugc): 0x22cd8aada50
[2026-08-14 14:18:09.784] [RBXClient] [debug] [46412]: LocalPlayer: 0x22cdeee4880
[2026-08-14 14:18:09.784] [RBXClient] [debug] [acgplayerfan12121 (46412)]: LocalPlayer Name: 'acgplayerfan12121'
[2026-08-14 14:18:09.785] [RBXClient] [trace] [acgplayerfan12121 (46412)]: Attaching in-game using translation module.
[2026-08-14 14:18:09.785] [Xeno] [debug] Patched translation module @0x22cd865aa40
[2026-08-14 14:18:10.002] [RBXClient] [trace] [acgplayerfan12121 (46412)]: Intercepted translation module @0x22cd865aa40
[2026-08-14 14:18:10.031] [RBXClient] [trace] [acgplayerfan12121 (46412)][::CRefresh]: Client DataModel refreshed
[2026-08-14 14:18:10.042] [RBXClient] [trace] [acgplayerfan12121 (46412)][::HandleAutoExecute]: Executed 1 script(s) from autoexec directory
[2026-08-14 14:18:10.052] [RBXClient] [trace] [acgplayerfan12121 (46412)]: Attach ping received from client "acgplayerfan12121", This indicates everything was successful.
[2026-08-14 14:18:51.429] [RBXClient] [trace] [acgplayerfan12121 (46412)][::PlayerRemoving]: Player leaving ping recieved. We have to reattach.
[2026-08-14 14:18:51.429] [RBXClient] [trace] [acgplayerfan12121 (46412)][::PlayerRemoving]: DataModel is being loaded...
[2026-08-14 14:18:51.496] [RBXClient] [trace] 	[acgplayerfan12121 (46412)][::PlayerRemoving]: DataModel was loaded successfully
[2026-08-14 14:18:51.497] [RBXClient] [trace] [acgplayerfan12121 (46412)][::PlayerRemoving]: DataModel (LuaApp): 0x22cc17c5650
[2026-08-14 14:18:51.497] [RBXClient] [info] [acgplayerfan12121 (46412)]: Waiting for you to enter a game...
[2026-08-14 14:19:06.933] [RBXClient] [info] [acgplayerfan12121 (46412)]:  Game has loaded (yielding)
[2026-08-14 14:19:06.933] [RBXClient] [trace] [acgplayerfan12121 (46412)]: Attaching in-game using translation module.
[2026-08-14 14:19:07.132] [RBXClient] [trace] [acgplayerfan12121 (46412)]: Intercepted translation module @0x22d5c9260c0
[2026-08-14 14:19:07.159] [RBXClient] [trace] [acgplayerfan12121 (46412)][::CRefresh]: Client DataModel refreshed
[2026-08-14 14:19:07.204] [RBXClient] [trace] [acgplayerfan12121 (46412)][::HandleAutoExecute]: Executed 1 script(s) from autoexec directory
[2026-08-14 14:19:07.208] [RBXClient] [trace] [acgplayerfan12121 (46412)]: Attach ping received from client "acgplayerfan12121", This indicates everything was successful.
[2026-08-14 14:19:29.894] [WebSocket] [error] [46412]: WebSocket returned error "(Unable to connect to echo.websocket.events on port 80, error: Hôte inconnu. )" for url 'ws://echo.websocket.events'
[2026-08-14 14:19:45.924] [RBXClient] [trace] [acgplayerfan12121 (46412)][::~RBXClient]: Client was closed and cleaned up successfully
[2026-08-14 14:19:45.924] [Xeno] [info] Removed RBXClient: 46412
