[2026-08-12 13:02:26.878] [Xeno] [trace] Xeno is only maintained by Rizve. If you find any bugs, have any question, or just want to chat email me rizve@xeno.onl or DM me on Discord: .rizve
[2026-08-12 13:02:26.878] [Xeno] [info] Version: Xeno - v1.3.60
[2026-08-12 13:02:26.878] [Xeno] [info] Log file: C:\Users\seif9\source\repos\Ruby Exec 1\Ruby Exec 1\bin\x64\Debug\net10.0-windows\logs\2026-08-12_13-02-26.log
[2026-08-12 13:02:26.879] [Xeno] [debug] Client Checker thread: 0x1d8d7fefc0
[2026-08-12 13:02:26.880] [Xeno] [debug] Xeno Caching thread: 0x1d8d7fefb0
[2026-08-12 13:02:26.880] [Xeno] [debug] WebSockets Cleaner thread: 0x1d8d7fefa0
[2026-08-12 13:02:26.880] [Xeno] [debug] Xeno Server thread: 0x1d8d7fef90
[2026-08-12 13:02:26.880] [Cache] [info] Caching file: C:\Users\seif9\AppData\Local\Xeno\XENO_CACHE.bin
[2026-08-12 13:02:26.881] [Cache] [info] Reattaching to cached client PID: 26356
[2026-08-12 13:02:26.881] [Cache] [info] Loaded existing cache: 1 RBXClients, 0 RBXBytecode, 0 RBXMFlags, 1 RBXClientInfos
[2026-08-12 13:02:26.881] [Server] [info] Xeno Server is Live on http://localhost:3110
[2026-08-12 13:02:26.881] [Server] [info] Visit http://localhost:3110 to view any additional information
[2026-08-12 13:02:26.881] [Xeno] [info] Creating new RBXClient: 26356
[2026-08-12 13:02:26.881] [RBXClient] [info] [26356]: Initializing...
[2026-08-12 13:02:26.881] [RBXClient] [info] [26356]: Version: version-d584fb6c717a43d9
[2026-08-12 13:02:26.881] [Xeno] [debug] Created RBXClient instance @0x16f9588e410
[2026-08-12 13:02:26.882] [Xeno] [info] Successfully created RBXClient: 26356
[2026-08-12 13:02:26.882] [RBXClient] [trace] [26356]: Attempting to retrieve RBXClient data...
[2026-08-12 13:02:26.939] [RBXClient] [trace] [26356]: Successfully retrieved RBXClient data (Primary)
[2026-08-12 13:02:26.940] [Cache] [trace] [26356]: Client was previously activated and handled successfully
[2026-08-12 13:02:26.940] [RBXClient] [info] [26356]: RenderView retrieved from Cache: 0x1ff98303080
[2026-08-12 13:02:27.140] [RBXClient] [debug] [26356]: 1817 candidates found for the instruction
[2026-08-12 13:02:27.142] [RBXClient] [debug] [26356]:  Instruction address: 0x1fe847dc40a
[2026-08-12 13:02:27.142] [RBXClient] [debug] [26356]: Bytecode Patch Watcher thread: 0x1d8e9ff950
[2026-08-12 13:02:27.143] [RBXClient] [debug] [26356]: DataModel (Ugc): 0x1ffc8eb1a48
[2026-08-12 13:02:27.145] [RBXClient] [debug] [26356]: LocalPlayer: 0x1ffa0ea6080
[2026-08-12 13:02:27.145] [RBXClient] [debug] [acgplayerfan12121 (26356)]: LocalPlayer Name: 'acgplayerfan12121'
[2026-08-12 13:02:27.145] [RBXClient] [info] [acgplayerfan12121 (26356)]: Client was already attached, handling important core functions for the client :D
[2026-08-12 13:02:31.132] [Execution] [warning] [26356]: Could not verify that the execution module has changed. Script may not be executed! (Your Roblox client cannot keep up and may be overloaded)
[2026-08-12 13:02:31.653] [Execution] [warning] [26356]: Could not verify that the execution module has changed. Script may not be executed! (Your Roblox client cannot keep up and may be overloaded)
[2026-08-12 13:02:31.900] [Execution] [warning] [26356]: Could not verify that the execution module has changed. Script may not be executed! (Your Roblox client cannot keep up and may be overloaded)
[2026-08-12 13:02:39.067] [WebSocket] [error] [26356]: WebSocket returned error "(Unable to connect to echo.websocket.events on port 80, error: Hôte inconnu. )" for url 'ws://echo.websocket.events'
[2026-08-12 13:03:15.455] [RBXClient] [trace] [acgplayerfan12121 (26356)][::~RBXClient]: Client was closed and cleaned up successfully
[2026-08-12 13:03:15.455] [Xeno] [info] Removed RBXClient: 26356
[2026-08-12 13:03:20.455] [Xeno] [info] Cleaned up '26356' from InitializedClients
