[2026-08-11 17:35:34.429] [Xeno] [trace] Xeno is only maintained by Rizve. If you find any bugs, have any question, or just want to chat email me rizve@xeno.onl or DM me on Discord: .rizve
[2026-08-11 17:35:34.429] [Xeno] [info] Version: Xeno - v1.3.60
[2026-08-11 17:35:34.429] [Xeno] [info] Log file: C:\Users\seif9\source\repos\Ruby Exec 1\Ruby Exec 1\bin\x64\Debug\net10.0-windows\logs\2026-08-11_17-35-34.log
[2026-08-11 17:35:34.430] [Xeno] [debug] Client Checker thread: 0xc35d77e8d0
[2026-08-11 17:35:34.430] [Xeno] [debug] Xeno Caching thread: 0xc35d77e8c0
[2026-08-11 17:35:34.430] [Xeno] [debug] WebSockets Cleaner thread: 0xc35d77e8b0
[2026-08-11 17:35:34.430] [Cache] [info] Caching file: C:\Users\seif9\AppData\Local\Xeno\XENO_CACHE.bin
[2026-08-11 17:35:34.430] [Xeno] [debug] Xeno Server thread: 0xc35d77e8a0
[2026-08-11 17:35:34.431] [Cache] [info] Reattaching to cached client PID: 29292
[2026-08-11 17:35:34.431] [Cache] [info] Loaded existing cache: 1 RBXClients, 0 RBXBytecode, 0 RBXMFlags, 0 RBXClientInfos
[2026-08-11 17:35:34.431] [Xeno] [info] Creating new RBXClient: 29292
[2026-08-11 17:35:34.431] [RBXClient] [info] [29292]: Initializing...
[2026-08-11 17:35:34.431] [RBXClient] [info] [29292]: Version: version-d584fb6c717a43d9
[2026-08-11 17:35:34.431] [Xeno] [debug] Created RBXClient instance @0x2771578c240
[2026-08-11 17:35:34.431] [Xeno] [info] Successfully created RBXClient: 29292
[2026-08-11 17:35:34.431] [RBXClient] [trace] [29292]: Attempting to retrieve RBXClient data...
[2026-08-11 17:35:34.431] [Server] [info] Xeno Server is Live on http://localhost:3110
[2026-08-11 17:35:34.431] [Server] [info] Visit http://localhost:3110 to view any additional information
[2026-08-11 17:35:34.481] [RBXClient] [trace] [29292]: Successfully retrieved RBXClient data (Primary)
[2026-08-11 17:35:34.482] [RBXClient] [info] [29292]: Waiting for Client Window
[2026-08-11 17:35:38.474] [Execution] [error] [29292]: DataModel address is invalid
[2026-08-11 17:35:38.635] [Execution] [error] [29292]: DataModel address is invalid
[2026-08-11 17:35:38.791] [Execution] [error] [29292]: DataModel address is invalid
[2026-08-11 17:35:44.547] [RBXClient] [critical] [29292]: Timeout (10s) exceeded while waiting for window
[2026-08-11 17:35:44.673] [RBXClient] [trace] [[!] Failed (29292)][::~RBXClient]: Client was closed and cleaned up successfully
[2026-08-11 17:35:44.673] [Xeno] [info] Removed RBXClient: 29292
[2026-08-11 17:35:49.677] [Xeno] [info] Cleaned up '29292' from InitializedClients
