[2026-08-12 16:09:45.459] [Xeno] [trace] Xeno is only maintained by Rizve. If you find any bugs, have any question, or just want to chat email me rizve@xeno.onl or DM me on Discord: .rizve
[2026-08-12 16:09:45.459] [Xeno] [info] Version: Xeno - v1.3.60
[2026-08-12 16:09:45.459] [Xeno] [info] Log file: C:\Users\seif9\source\repos\Ruby Exec 1\Ruby Exec 1\bin\x64\Debug\net10.0-windows\logs\2026-08-12_16-09-45.log
[2026-08-12 16:09:45.463] [Xeno] [debug] Client Checker thread: 0x5dc413ead0
[2026-08-12 16:09:45.463] [Xeno] [debug] Xeno Caching thread: 0x5dc413eac0
[2026-08-12 16:09:45.463] [Xeno] [debug] WebSockets Cleaner thread: 0x5dc413eab0
[2026-08-12 16:09:45.464] [Xeno] [debug] Xeno Server thread: 0x5dc413eaa0
[2026-08-12 16:09:45.464] [Cache] [info] Caching file: C:\Users\seif9\AppData\Local\Xeno\XENO_CACHE.bin
[2026-08-12 16:09:45.466] [Server] [info] Xeno Server is Live on http://localhost:3110
[2026-08-12 16:09:45.466] [Server] [info] Visit http://localhost:3110 to view any additional information
[2026-08-12 16:09:45.480] [Xeno] [info] Creating new RBXClient: 20572
[2026-08-12 16:09:45.480] [RBXClient] [info] [20572]: Initializing...
[2026-08-12 16:09:45.480] [RBXClient] [info] [20572]: Version: version-d584fb6c717a43d9
[2026-08-12 16:09:45.480] [Xeno] [debug] Created RBXClient instance @0x1d7173f9650
[2026-08-12 16:09:45.480] [Xeno] [info] Successfully created RBXClient: 20572
[2026-08-12 16:09:45.480] [RBXClient] [trace] [20572]: Attempting to retrieve RBXClient data...
[2026-08-12 16:09:45.522] [RBXClient] [trace] [20572]: Successfully retrieved RBXClient data (Primary)
[2026-08-12 16:09:45.523] [RBXClient] [debug] [20572]: Fetching DataModel...
[2026-08-12 16:09:45.558] [RBXClient] [debug] [20572]: 	String: 0x2b71fce3388
[2026-08-12 16:09:45.558] [RBXClient] [debug] [20572]: 	RenderView: 0x2b721413880
[2026-08-12 16:09:45.860] [RBXClient] [debug] [20572]: 11843 candidates found for the instruction
[2026-08-12 16:09:45.875] [RBXClient] [debug] [20572]:  Instruction address: 0x2b60fa6c40a
[2026-08-12 16:09:45.875] [RBXClient] [debug] [20572]: Bytecode Patch Watcher thread: 0x5dc803f520
[2026-08-12 16:09:45.877] [RBXClient] [debug] [20572]: DataModel (Ugc): 0x2b72d98f248
[2026-08-12 16:09:45.878] [RBXClient] [debug] [20572]: LocalPlayer: 0x2b72dc60080
[2026-08-12 16:09:45.878] [RBXClient] [debug] [acgplayerfan12121 (20572)]: LocalPlayer Name: 'acgplayerfan12121'
[2026-08-12 16:09:45.879] [RBXClient] [trace] [acgplayerfan12121 (20572)]: Attaching in-game using translation module.
[2026-08-12 16:09:45.879] [Xeno] [debug] Patched translation module @0x2b7311eac00
[2026-08-12 16:09:46.120] [RBXClient] [trace] [acgplayerfan12121 (20572)]: Intercepted translation module @0x2b7311eac00
[2026-08-12 16:09:46.139] [RBXClient] [trace] [acgplayerfan12121 (20572)][::CRefresh]: Client DataModel refreshed
[2026-08-12 16:09:46.146] [RBXClient] [trace] [acgplayerfan12121 (20572)][::HandleAutoExecute]: Executed 1 script(s) from autoexec directory
[2026-08-12 16:09:46.150] [RBXClient] [trace] [acgplayerfan12121 (20572)]: Attach ping received from client "acgplayerfan12121", This indicates everything was successful.
[2026-08-12 16:09:50.042] [Execution] [warning] [20572]: Could not verify that the execution module has changed. Script may not be executed! (Your Roblox client cannot keep up and may be overloaded)
[2026-08-12 16:09:50.397] [Execution] [warning] [20572]: Could not verify that the execution module has changed. Script may not be executed! (Your Roblox client cannot keep up and may be overloaded)
[2026-08-12 16:09:59.595] [WebSocket] [error] [20572]: WebSocket returned error "(Unable to connect to echo.websocket.events on port 80, error: Hôte inconnu. )" for url 'ws://echo.websocket.events'
[2026-08-12 16:10:05.337] [WebSocket] [error] [20572]: WebSocket returned error "(Unable to connect to echo.websocket.events on port 80, error: Hôte inconnu. )" for url 'ws://echo.websocket.events'
