[2026-08-11 19:15:00.233] [Xeno] [trace] Xeno is only maintained by Rizve. If you find any bugs, have any question, or just want to chat email me rizve@xeno.onl or DM me on Discord: .rizve
[2026-08-11 19:15:00.233] [Xeno] [info] Version: Xeno - v1.3.60
[2026-08-11 19:15:00.233] [Xeno] [info] Log file: C:\Users\seif9\source\repos\Ruby Exec 1\Ruby Exec 1\bin\x64\Debug\net10.0-windows\logs\2026-08-11_19-15-00.log
[2026-08-11 19:15:00.234] [Xeno] [debug] Client Checker thread: 0x91df7e950
[2026-08-11 19:15:00.234] [Xeno] [debug] Xeno Caching thread: 0x91df7e940
[2026-08-11 19:15:00.234] [Xeno] [debug] WebSockets Cleaner thread: 0x91df7e930
[2026-08-11 19:15:00.234] [Cache] [info] Caching file: C:\Users\seif9\AppData\Local\Xeno\XENO_CACHE.bin
[2026-08-11 19:15:00.235] [Xeno] [debug] Xeno Server thread: 0x91df7e920
[2026-08-11 19:15:00.235] [Cache] [info] Reattaching to cached client PID: 28316
[2026-08-11 19:15:00.235] [Cache] [info] Loaded existing cache: 1 RBXClients, 0 RBXBytecode, 0 RBXMFlags, 1 RBXClientInfos
[2026-08-11 19:15:00.235] [Xeno] [info] Creating new RBXClient: 28316
[2026-08-11 19:15:00.235] [RBXClient] [info] [28316]: Initializing...
[2026-08-11 19:15:00.235] [RBXClient] [info] [28316]: Version: version-d584fb6c717a43d9
[2026-08-11 19:15:00.235] [Xeno] [debug] Created RBXClient instance @0x135155cabe0
[2026-08-11 19:15:00.235] [Xeno] [info] Successfully created RBXClient: 28316
[2026-08-11 19:15:00.235] [RBXClient] [trace] [28316]: Attempting to retrieve RBXClient data...
[2026-08-11 19:15:00.235] [Server] [info] Xeno Server is Live on http://localhost:3110
[2026-08-11 19:15:00.235] [Server] [info] Visit http://localhost:3110 to view any additional information
[2026-08-11 19:15:00.277] [RBXClient] [trace] [28316]: Successfully retrieved RBXClient data (Primary)
[2026-08-11 19:15:00.277] [RBXClient] [info] [28316]: RenderView retrieved from Cache: 0x20627253880
[2026-08-11 19:15:00.401] [RBXClient] [debug] [28316]: 1271 candidates found for the instruction
[2026-08-11 19:15:00.402] [RBXClient] [debug] [28316]:  Instruction address: 0x20514d3c40a
[2026-08-11 19:15:00.402] [RBXClient] [debug] [28316]: Bytecode Patch Watcher thread: 0x91e57fa40
[2026-08-11 19:15:00.404] [RBXClient] [debug] [28316]: DataModel (LuaApp): 0x20621b22648
[2026-08-11 19:15:00.405] [RBXClient] [debug] [28316]: LocalPlayer: 0x20621db6080
[2026-08-11 19:15:00.405] [RBXClient] [debug] [acgplayerfan12121 (28316)]: LocalPlayer Name: 'acgplayerfan12121'
[2026-08-11 19:15:00.405] [RBXClient] [info] [acgplayerfan12121 (28316)]: Waiting for you to enter a game...
