[2026-08-11 20:17:37.536] [Xeno] [trace] Xeno is only maintained by Rizve. If you find any bugs, have any question, or just want to chat email me rizve@xeno.onl or DM me on Discord: .rizve
[2026-08-11 20:17:37.536] [Xeno] [info] Version: Xeno - v1.3.60
[2026-08-11 20:17:37.536] [Xeno] [info] Log file: C:\Users\seif9\source\repos\Ruby Exec 1\Ruby Exec 1\bin\x64\Debug\net10.0-windows\logs\2026-08-11_20-17-37.log
[2026-08-11 20:17:37.537] [Xeno] [debug] Client Checker thread: 0x1406f7ee60
[2026-08-11 20:17:37.537] [Xeno] [debug] Xeno Caching thread: 0x1406f7ee50
[2026-08-11 20:17:37.538] [Xeno] [debug] WebSockets Cleaner thread: 0x1406f7ee40
[2026-08-11 20:17:37.538] [Cache] [info] Caching file: C:\Users\seif9\AppData\Local\Xeno\XENO_CACHE.bin
[2026-08-11 20:17:37.538] [Xeno] [debug] Xeno Server thread: 0x1406f7ee30
[2026-08-11 20:17:37.539] [Server] [info] Xeno Server is Live on http://localhost:3110
[2026-08-11 20:17:37.539] [Server] [info] Visit http://localhost:3110 to view any additional information
[2026-08-11 20:17:37.549] [Xeno] [info] Creating new RBXClient: 30212
[2026-08-11 20:17:37.549] [RBXClient] [info] [30212]: Initializing...
[2026-08-11 20:17:37.549] [RBXClient] [info] [30212]: Version: version-d584fb6c717a43d9
[2026-08-11 20:17:37.549] [Xeno] [debug] Created RBXClient instance @0x1390f6cabc0
[2026-08-11 20:17:37.549] [Xeno] [info] Successfully created RBXClient: 30212
[2026-08-11 20:17:37.550] [RBXClient] [trace] [30212]: Attempting to retrieve RBXClient data...
[2026-08-11 20:17:37.590] [RBXClient] [trace] [30212]: Successfully retrieved RBXClient data (Primary)
[2026-08-11 20:17:37.591] [RBXClient] [info] [30212]: Waiting for Client Window
[2026-08-11 20:17:41.580] [Execution] [error] [30212]: DataModel address is invalid
[2026-08-11 20:17:41.739] [Execution] [error] [30212]: DataModel address is invalid
[2026-08-11 20:17:41.891] [Execution] [error] [30212]: DataModel address is invalid
