[2026-08-12 12:11:25.429] [Xeno] [trace] Xeno is only maintained by Rizve. If you find any bugs, have any question, or just want to chat email me rizve@xeno.onl or DM me on Discord: .rizve
[2026-08-12 12:11:25.429] [Xeno] [info] Version: Xeno - v1.3.60
[2026-08-12 12:11:25.429] [Xeno] [info] Log file: C:\Users\seif9\source\repos\Ruby Exec 1\Ruby Exec 1\bin\x64\Debug\net10.0-windows\logs\2026-08-12_12-11-25.log
[2026-08-12 12:11:25.430] [Xeno] [debug] Client Checker thread: 0x9d5b3efc0
[2026-08-12 12:11:25.431] [Xeno] [debug] Xeno Caching thread: 0x9d5b3efb0
[2026-08-12 12:11:25.431] [Xeno] [debug] WebSockets Cleaner thread: 0x9d5b3efa0
[2026-08-12 12:11:25.431] [Cache] [info] Caching file: C:\Users\seif9\AppData\Local\Xeno\XENO_CACHE.bin
[2026-08-12 12:11:25.431] [Xeno] [debug] Xeno Server thread: 0x9d5b3ef90
[2026-08-12 12:11:25.431] [Cache] [warning] Failed to read cached client PID #0
[2026-08-12 12:11:25.432] [Server] [info] Xeno Server is Live on http://localhost:3110
[2026-08-12 12:11:25.432] [Server] [info] Visit http://localhost:3110 to view any additional information
[2026-08-12 12:11:25.443] [Xeno] [info] Creating new RBXClient: 10320
[2026-08-12 12:11:25.444] [RBXClient] [info] [10320]: Initializing...
[2026-08-12 12:11:25.444] [RBXClient] [info] [10320]: Version: version-d584fb6c717a43d9
[2026-08-12 12:11:25.444] [Xeno] [debug] Created RBXClient instance @0x1b995d320e0
[2026-08-12 12:11:25.444] [Xeno] [info] Successfully created RBXClient: 10320
[2026-08-12 12:11:25.444] [RBXClient] [trace] [10320]: Attempting to retrieve RBXClient data...
[2026-08-12 12:11:25.494] [RBXClient] [trace] [10320]: Successfully retrieved RBXClient data (Primary)
[2026-08-12 12:11:25.494] [RBXClient] [debug] [10320]: Fetching DataModel...
[2026-08-12 12:11:25.538] [RBXClient] [debug] [10320]: 	String: 0x1b71c161808
[2026-08-12 12:11:25.538] [RBXClient] [debug] [10320]: 	RenderView: 0x1b709841880
[2026-08-12 12:11:25.840] [RBXClient] [debug] [10320]: 3464 candidates found for the instruction
[2026-08-12 12:11:25.843] [RBXClient] [debug] [10320]:  Instruction address: 0x1b76173c40a
[2026-08-12 12:11:25.843] [RBXClient] [debug] [10320]: Bytecode Patch Watcher thread: 0x9d9d3f380
[2026-08-12 12:11:25.845] [RBXClient] [debug] [10320]: DataModel (Ugc): 0x1b71166da48
[2026-08-12 12:11:25.847] [RBXClient] [debug] [10320]: LocalPlayer: 0x1b72264c080
[2026-08-12 12:11:25.847] [RBXClient] [debug] [acgplayerfan12121 (10320)]: LocalPlayer Name: 'acgplayerfan12121'
[2026-08-12 12:11:25.848] [RBXClient] [trace] [acgplayerfan12121 (10320)]: Attaching in-game using translation module.
[2026-08-12 12:11:25.848] [Xeno] [debug] Patched translation module @0x1b7065edb40
[2026-08-12 12:11:26.073] [RBXClient] [trace] [acgplayerfan12121 (10320)]: Intercepted translation module @0x1b7065edb40
[2026-08-12 12:11:26.145] [RBXClient] [trace] [acgplayerfan12121 (10320)][::CRefresh]: Client DataModel refreshed
[2026-08-12 12:11:26.155] [RBXClient] [trace] [acgplayerfan12121 (10320)][::HandleAutoExecute]: Executed 1 script(s) from autoexec directory
[2026-08-12 12:11:26.160] [RBXClient] [trace] [acgplayerfan12121 (10320)]: Attach ping received from client "acgplayerfan12121", This indicates everything was successful.
[2026-08-12 12:11:34.128] [Execution] [warning] [10320]: Could not verify that the execution module has changed. Script may not be executed! (Your Roblox client cannot keep up and may be overloaded)
[2026-08-12 12:11:34.467] [Execution] [warning] [10320]: Could not verify that the execution module has changed. Script may not be executed! (Your Roblox client cannot keep up and may be overloaded)
[2026-08-12 12:11:34.835] [Execution] [warning] [10320]: Could not verify that the execution module has changed. Script may not be executed! (Your Roblox client cannot keep up and may be overloaded)
[2026-08-12 12:12:22.739] [Execution] [warning] [10320]: Could not verify that the execution module has changed. Script may not be executed! (Your Roblox client cannot keep up and may be overloaded)
[2026-08-12 12:12:23.062] [Execution] [warning] [10320]: Could not verify that the execution module has changed. Script may not be executed! (Your Roblox client cannot keep up and may be overloaded)
[2026-08-12 12:12:23.480] [Execution] [warning] [10320]: Could not verify that the execution module has changed. Script may not be executed! (Your Roblox client cannot keep up and may be overloaded)
[2026-08-12 12:12:23.836] [Execution] [warning] [10320]: Could not verify that the execution module has changed. Script may not be executed! (Your Roblox client cannot keep up and may be overloaded)
[2026-08-12 12:12:24.205] [Execution] [warning] [10320]: Could not verify that the execution module has changed. Script may not be executed! (Your Roblox client cannot keep up and may be overloaded)
