[2026-08-12 12:59:19.989] [Xeno] [trace] Xeno is only maintained by Rizve. If you find any bugs, have any question, or just want to chat email me rizve@xeno.onl or DM me on Discord: .rizve
[2026-08-12 12:59:19.989] [Xeno] [info] Version: Xeno - v1.3.60
[2026-08-12 12:59:19.989] [Xeno] [info] Log file: C:\Users\seif9\source\repos\Ruby Exec 1\Ruby Exec 1\bin\x64\Debug\net10.0-windows\logs\2026-08-12_12-59-19.log
[2026-08-12 12:59:19.991] [Xeno] [debug] Client Checker thread: 0xee0defec20
[2026-08-12 12:59:19.991] [Xeno] [debug] Xeno Caching thread: 0xee0defec10
[2026-08-12 12:59:19.991] [Xeno] [debug] WebSockets Cleaner thread: 0xee0defec00
[2026-08-12 12:59:19.991] [Xeno] [debug] Xeno Server thread: 0xee0defebf0
[2026-08-12 12:59:19.991] [Cache] [info] Caching file: C:\Users\seif9\AppData\Local\Xeno\XENO_CACHE.bin
[2026-08-12 12:59:19.991] [Cache] [info] Reattaching to cached client PID: 18800
[2026-08-12 12:59:19.992] [Cache] [info] Loaded existing cache: 1 RBXClients, 1 RBXBytecode, 0 RBXMFlags, 1 RBXClientInfos
[2026-08-12 12:59:19.992] [Xeno] [info] Creating new RBXClient: 18800
[2026-08-12 12:59:19.992] [RBXClient] [info] [18800]: Initializing...
[2026-08-12 12:59:19.993] [RBXClient] [info] [18800]: Version: version-d584fb6c717a43d9
[2026-08-12 12:59:19.993] [Server] [info] Xeno Server is Live on http://localhost:3110
[2026-08-12 12:59:19.993] [Server] [info] Visit http://localhost:3110 to view any additional information
[2026-08-12 12:59:19.993] [Xeno] [debug] Created RBXClient instance @0x2d995bac400
[2026-08-12 12:59:19.993] [Xeno] [info] Successfully created RBXClient: 18800
[2026-08-12 12:59:19.993] [RBXClient] [trace] [18800]: Attempting to retrieve RBXClient data...
[2026-08-12 12:59:20.044] [RBXClient] [trace] [18800]: Successfully retrieved RBXClient data (Primary)
[2026-08-12 12:59:20.044] [Cache] [trace] [18800]: Client was previously activated and handled successfully
[2026-08-12 12:59:20.044] [RBXClient] [info] [18800]: RenderView retrieved from Cache: 0x1a809e43080
[2026-08-12 12:59:20.295] [RBXClient] [debug] [18800]: 1912 candidates found for the instruction
[2026-08-12 12:59:20.297] [RBXClient] [debug] [18800]:  Instruction address: 0x1a86a31c40a
[2026-08-12 12:59:20.297] [RBXClient] [debug] [18800]: Bytecode Patch Watcher thread: 0xee0e7ff320
[2026-08-12 12:59:20.298] [RBXClient] [debug] [18800]: DataModel (Ugc): 0x1a9e2e08648
[2026-08-12 12:59:20.299] [RBXClient] [debug] [18800]: LocalPlayer: 0x1a8261e6080
[2026-08-12 12:59:20.299] [RBXClient] [debug] [acgplayerfan12121 (18800)]: LocalPlayer Name: 'acgplayerfan12121'
[2026-08-12 12:59:20.300] [RBXClient] [info] [acgplayerfan12121 (18800)]: Client was already attached, handling important core functions for the client :D
[2026-08-12 12:59:24.443] [Execution] [warning] [18800]: Could not verify that the execution module has changed. Script may not be executed! (Your Roblox client cannot keep up and may be overloaded)
