[2026-08-11 09:23:32.137] [Xeno] [trace] Xeno is only maintained by Rizve. If you find any bugs, have any question, or just want to chat email me rizve@xeno.onl or DM me on Discord: .rizve
[2026-08-11 09:23:32.137] [Xeno] [info] Version: Xeno - v1.3.60
[2026-08-11 09:23:32.137] [Xeno] [info] Log file: C:\Users\seif9\source\repos\Ruby Exec 1\Ruby Exec 1\bin\x64\Debug\net10.0-windows\logs\2026-08-11_09-23-32.log
[2026-08-11 09:23:32.139] [Xeno] [debug] Client Checker thread: 0x9c15b7de90
[2026-08-11 09:23:32.139] [Xeno] [debug] Xeno Caching thread: 0x9c15b7de80
[2026-08-11 09:23:32.139] [Xeno] [debug] WebSockets Cleaner thread: 0x9c15b7de70
[2026-08-11 09:23:32.139] [Cache] [info] Caching file: C:\Users\seif9\AppData\Local\Xeno\XENO_CACHE.bin
[2026-08-11 09:23:32.139] [Xeno] [debug] Xeno Server thread: 0x9c15b7de60
[2026-08-11 09:23:32.139] [Cache] [info] Reattaching to cached client PID: 18692
[2026-08-11 09:23:32.139] [Cache] [info] Loaded existing cache: 1 RBXClients, 0 RBXBytecode, 0 RBXMFlags, 0 RBXClientInfos
[2026-08-11 09:23:32.140] [Xeno] [info] Creating new RBXClient: 18692
[2026-08-11 09:23:32.140] [RBXClient] [info] [18692]: Initializing...
[2026-08-11 09:23:32.140] [RBXClient] [info] [18692]: Version: version-d584fb6c717a43d9
[2026-08-11 09:23:32.140] [Xeno] [debug] Created RBXClient instance @0x2039545af20
[2026-08-11 09:23:32.140] [Xeno] [info] Successfully created RBXClient: 18692
[2026-08-11 09:23:32.140] [RBXClient] [trace] [18692]: Attempting to retrieve RBXClient data...
[2026-08-11 09:23:32.140] [Server] [info] Xeno Server is Live on http://localhost:3110
[2026-08-11 09:23:32.140] [Server] [info] Visit http://localhost:3110 to view any additional information
[2026-08-11 09:23:32.186] [RBXClient] [trace] [18692]: Successfully retrieved RBXClient data (Primary)
[2026-08-11 09:23:32.187] [RBXClient] [info] [18692]: Waiting for Client Window
[2026-08-11 09:23:42.198] [RBXClient] [critical] [18692]: Timeout (10s) exceeded while waiting for window
[2026-08-11 09:23:42.303] [RBXClient] [trace] [[!] Failed (18692)][::~RBXClient]: Client was closed and cleaned up successfully
[2026-08-11 09:23:42.303] [Xeno] [info] Removed RBXClient: 18692
[2026-08-11 09:23:47.316] [Xeno] [info] Cleaned up '18692' from InitializedClients
