[2026-08-11 18:28:41.490] [Xeno] [trace] Xeno is only maintained by Rizve. If you find any bugs, have any question, or just want to chat email me rizve@xeno.onl or DM me on Discord: .rizve
[2026-08-11 18:28:41.490] [Xeno] [info] Version: Xeno - v1.3.60
[2026-08-11 18:28:41.490] [Xeno] [info] Log file: C:\Users\seif9\source\repos\Ruby Exec 1\Ruby Exec 1\bin\x64\Debug\net10.0-windows\logs\2026-08-11_18-28-41.log
[2026-08-11 18:28:41.491] [Xeno] [debug] Client Checker thread: 0x22027ee90
[2026-08-11 18:28:41.491] [Xeno] [debug] Xeno Caching thread: 0x22027ee80
[2026-08-11 18:28:41.492] [Xeno] [debug] WebSockets Cleaner thread: 0x22027ee70
[2026-08-11 18:28:41.492] [Cache] [info] Caching file: C:\Users\seif9\AppData\Local\Xeno\XENO_CACHE.bin
[2026-08-11 18:28:41.492] [Xeno] [debug] Xeno Server thread: 0x22027ee60
[2026-08-11 18:28:41.493] [Server] [info] Xeno Server is Live on http://localhost:3110
[2026-08-11 18:28:41.493] [Server] [info] Visit http://localhost:3110 to view any additional information
[2026-08-11 18:28:41.505] [Xeno] [info] Creating new RBXClient: 28316
[2026-08-11 18:28:41.505] [RBXClient] [info] [28316]: Initializing...
[2026-08-11 18:28:41.505] [RBXClient] [info] [28316]: Version: version-d584fb6c717a43d9
[2026-08-11 18:28:41.505] [Xeno] [debug] Created RBXClient instance @0x1c8952a09d0
[2026-08-11 18:28:41.505] [Xeno] [info] Successfully created RBXClient: 28316
[2026-08-11 18:28:41.505] [RBXClient] [trace] [28316]: Attempting to retrieve RBXClient data...
[2026-08-11 18:28:41.550] [RBXClient] [trace] [28316]: Successfully retrieved RBXClient data (Primary)
[2026-08-11 18:28:41.551] [RBXClient] [info] [28316]: Waiting for Client Window
[2026-08-11 18:28:45.535] [Execution] [error] [28316]: DataModel address is invalid
[2026-08-11 18:28:45.700] [Execution] [error] [28316]: DataModel address is invalid
[2026-08-11 18:28:45.844] [Execution] [error] [28316]: DataModel address is invalid
[2026-08-11 18:28:47.232] [RBXClient] [info] [28316]: Client window is now available
[2026-08-11 18:28:47.232] [RBXClient] [debug] [28316]: Fetching DataModel...
[2026-08-11 18:28:47.274] [RBXClient] [debug] [28316]: 	String: 0x20627039c88
[2026-08-11 18:28:47.274] [RBXClient] [debug] [28316]: 	RenderView: 0x20627253880
[2026-08-11 18:28:47.415] [RBXClient] [debug] [28316]: 3048 candidates found for the instruction
[2026-08-11 18:28:47.417] [RBXClient] [debug] [28316]:  Instruction address: 0x20514d3c40a
[2026-08-11 18:28:47.417] [RBXClient] [debug] [28316]: Bytecode Patch Watcher thread: 0x2295ff770
[2026-08-11 18:28:47.417] [RBXClient] [info] [28316]: 	Waiting for DataModel...
[2026-08-11 18:28:47.855] [RBXClient] [debug] [28316]: DataModel (LuaApp): 0x20621b22648
[2026-08-11 18:28:47.857] [RBXClient] [debug] [28316]: LocalPlayer: 0x20621db6080
[2026-08-11 18:28:47.857] [RBXClient] [debug] [acgplayerfan12121 (28316)]: LocalPlayer Name: 'acgplayerfan12121'
[2026-08-11 18:28:47.857] [RBXClient] [info] [acgplayerfan12121 (28316)]: Waiting for you to enter a game...
