[2026-08-12 17:04:23.378] [Xeno] [trace] Xeno is only maintained by Rizve. If you find any bugs, have any question, or just want to chat email me rizve@xeno.onl or DM me on Discord: .rizve
[2026-08-12 17:04:23.379] [Xeno] [info] Version: Xeno - v1.3.60
[2026-08-12 17:04:23.379] [Xeno] [info] Log file: C:\Users\seif9\source\repos\Ruby Exec 1\Ruby Exec 1\bin\x64\Debug\net10.0-windows\logs\2026-08-12_17-04-23.log
[2026-08-12 17:04:23.384] [Xeno] [debug] Client Checker thread: 0x74b1a7ece0
[2026-08-12 17:04:23.384] [Xeno] [debug] Xeno Caching thread: 0x74b1a7ecd0
[2026-08-12 17:04:23.384] [Xeno] [debug] WebSockets Cleaner thread: 0x74b1a7ecc0
[2026-08-12 17:04:23.385] [Cache] [info] Caching file: C:\Users\seif9\AppData\Local\Xeno\XENO_CACHE.bin
[2026-08-12 17:04:23.385] [Xeno] [debug] Xeno Server thread: 0x74b1a7ecb0
[2026-08-12 17:04:23.386] [Server] [info] Xeno Server is Live on http://localhost:3110
[2026-08-12 17:04:23.387] [Server] [info] Visit http://localhost:3110 to view any additional information
[2026-08-12 17:04:23.395] [Xeno] [info] Creating new RBXClient: 39628
[2026-08-12 17:04:23.395] [RBXClient] [info] [39628]: Initializing...
[2026-08-12 17:04:23.396] [RBXClient] [info] [39628]: Version: version-d584fb6c717a43d9
[2026-08-12 17:04:23.396] [Xeno] [debug] Created RBXClient instance @0x1eb8f7be940
[2026-08-12 17:04:23.396] [Xeno] [info] Successfully created RBXClient: 39628
[2026-08-12 17:04:23.396] [RBXClient] [trace] [39628]: Attempting to retrieve RBXClient data...
[2026-08-12 17:04:23.445] [RBXClient] [trace] [39628]: Successfully retrieved RBXClient data (Primary)
[2026-08-12 17:04:23.446] [RBXClient] [debug] [39628]: Fetching DataModel...
[2026-08-12 17:04:23.499] [RBXClient] [debug] [39628]: 	String: 0x2b53a5c9508
[2026-08-12 17:04:23.500] [RBXClient] [debug] [39628]: 	RenderView: 0x2b53a7b3080
[2026-08-12 17:04:23.622] [RBXClient] [debug] [39628]: 2807 candidates found for the instruction
[2026-08-12 17:04:23.625] [RBXClient] [debug] [39628]:  Instruction address: 0x2b428bac40a
[2026-08-12 17:04:23.625] [RBXClient] [debug] [39628]: Bytecode Patch Watcher thread: 0x74b3e7f770
[2026-08-12 17:04:23.627] [RBXClient] [debug] [39628]: DataModel (Ugc): 0x2b54bf59248
[2026-08-12 17:04:23.628] [RBXClient] [debug] [39628]: LocalPlayer: 0x2b551c30080
[2026-08-12 17:04:23.628] [RBXClient] [debug] [acgplayerfan12121 (39628)]: LocalPlayer Name: 'acgplayerfan12121'
[2026-08-12 17:04:23.629] [RBXClient] [trace] [acgplayerfan12121 (39628)]: Attaching in-game using translation module.
[2026-08-12 17:04:23.629] [Xeno] [debug] Patched translation module @0x2b537a3ac00
[2026-08-12 17:04:23.809] [RBXClient] [trace] [acgplayerfan12121 (39628)]: Intercepted translation module @0x2b537a3ac00
[2026-08-12 17:04:23.822] [RBXClient] [trace] [acgplayerfan12121 (39628)][::CRefresh]: Client DataModel refreshed
[2026-08-12 17:04:23.829] [RBXClient] [trace] [acgplayerfan12121 (39628)][::HandleAutoExecute]: Executed 1 script(s) from autoexec directory
[2026-08-12 17:04:23.836] [RBXClient] [trace] [acgplayerfan12121 (39628)]: Attach ping received from client "acgplayerfan12121", This indicates everything was successful.
[2026-08-12 17:04:27.802] [Execution] [warning] [39628]: Could not verify that the execution module has changed. Script may not be executed! (Your Roblox client cannot keep up and may be overloaded)
[2026-08-12 17:04:48.725] [WebSocket] [error] [39628]: WebSocket returned error "(Unable to connect to echo.websocket.events on port 80, error: Hôte inconnu. )" for url 'ws://echo.websocket.events'
