[2026-08-11 19:26:59.877] [Xeno] [trace] Xeno is only maintained by Rizve. If you find any bugs, have any question, or just want to chat email me rizve@xeno.onl or DM me on Discord: .rizve
[2026-08-11 19:26:59.877] [Xeno] [info] Version: Xeno - v1.3.60
[2026-08-11 19:26:59.877] [Xeno] [info] Log file: C:\Users\seif9\source\repos\Ruby Exec 1\Ruby Exec 1\bin\x64\Debug\net10.0-windows\logs\2026-08-11_19-26-59.log
[2026-08-11 19:26:59.878] [Xeno] [debug] Client Checker thread: 0x374bf7ec60
[2026-08-11 19:26:59.878] [Xeno] [debug] Xeno Caching thread: 0x374bf7ec50
[2026-08-11 19:26:59.878] [Xeno] [debug] WebSockets Cleaner thread: 0x374bf7ec40
[2026-08-11 19:26:59.878] [Cache] [info] Caching file: C:\Users\seif9\AppData\Local\Xeno\XENO_CACHE.bin
[2026-08-11 19:26:59.879] [Xeno] [debug] Xeno Server thread: 0x374bf7ec30
[2026-08-11 19:26:59.879] [Cache] [warning] Failed to read cached client PID #0
[2026-08-11 19:26:59.879] [Cache] [info] Loaded existing cache: 0 RBXClients, 0 RBXBytecode, 0 RBXMFlags, 1 RBXClientInfos
[2026-08-11 19:26:59.879] [Server] [info] Xeno Server is Live on http://localhost:3110
[2026-08-11 19:26:59.879] [Server] [info] Visit http://localhost:3110 to view any additional information
[2026-08-11 19:26:59.891] [Xeno] [info] Creating new RBXClient: 29560
[2026-08-11 19:26:59.891] [RBXClient] [info] [29560]: Initializing...
[2026-08-11 19:26:59.891] [RBXClient] [info] [29560]: Version: version-d584fb6c717a43d9
[2026-08-11 19:26:59.891] [Xeno] [debug] Created RBXClient instance @0x168eb0bdf30
[2026-08-11 19:26:59.891] [Xeno] [info] Successfully created RBXClient: 29560
[2026-08-11 19:26:59.891] [RBXClient] [trace] [29560]: Attempting to retrieve RBXClient data...
[2026-08-11 19:26:59.935] [RBXClient] [trace] [29560]: Successfully retrieved RBXClient data (Primary)
[2026-08-11 19:26:59.936] [RBXClient] [info] [29560]: RenderView retrieved from Cache: 0x1f429dc3080
[2026-08-11 19:27:00.040] [RBXClient] [debug] [29560]: 1275 candidates found for the instruction
[2026-08-11 19:27:00.041] [RBXClient] [debug] [29560]:  Instruction address: 0x1f31724c40a
[2026-08-11 19:27:00.041] [RBXClient] [debug] [29560]: Bytecode Patch Watcher thread: 0x375017f4b0
[2026-08-11 19:27:00.042] [RBXClient] [debug] [29560]: DataModel (LuaApp): 0x1f425ce2648
[2026-08-11 19:27:00.043] [RBXClient] [debug] [29560]: LocalPlayer: 0x1f42c6a4880
[2026-08-11 19:27:00.043] [RBXClient] [debug] [acgplayerfan12121 (29560)]: LocalPlayer Name: 'acgplayerfan12121'
[2026-08-11 19:27:00.043] [RBXClient] [info] [acgplayerfan12121 (29560)]: Waiting for you to enter a game...
[2026-08-11 19:27:03.929] [Execution] [error] [29560]: Could not find a CoreModule; You are not attached properly. There might be a error with the client init script or your Roblox window failed to refresh
[2026-08-11 19:27:04.090] [Execution] [error] [29560]: Could not find a CoreModule; You are not attached properly. There might be a error with the client init script or your Roblox window failed to refresh
[2026-08-11 19:27:04.229] [Execution] [error] [29560]: Could not find a CoreModule; You are not attached properly. There might be a error with the client init script or your Roblox window failed to refresh
[2026-08-11 19:27:04.551] [Execution] [error] [29560]: Could not find a CoreModule; You are not attached properly. There might be a error with the client init script or your Roblox window failed to refresh
[2026-08-11 19:27:04.709] [Execution] [error] [29560]: Could not find a CoreModule; You are not attached properly. There might be a error with the client init script or your Roblox window failed to refresh
[2026-08-11 19:27:04.865] [Execution] [error] [29560]: Could not find a CoreModule; You are not attached properly. There might be a error with the client init script or your Roblox window failed to refresh
[2026-08-11 19:27:04.905] [Execution] [error] [29560]: Could not find a CoreModule; You are not attached properly. There might be a error with the client init script or your Roblox window failed to refresh
[2026-08-11 19:27:05.066] [Execution] [error] [29560]: Could not find a CoreModule; You are not attached properly. There might be a error with the client init script or your Roblox window failed to refresh
[2026-08-11 19:27:05.103] [Execution] [error] [29560]: Could not find a CoreModule; You are not attached properly. There might be a error with the client init script or your Roblox window failed to refresh
[2026-08-11 19:27:05.206] [Execution] [error] [29560]: Could not find a CoreModule; You are not attached properly. There might be a error with the client init script or your Roblox window failed to refresh
[2026-08-11 19:27:05.267] [Execution] [error] [29560]: Could not find a CoreModule; You are not attached properly. There might be a error with the client init script or your Roblox window failed to refresh
[2026-08-11 19:27:05.286] [Execution] [error] [29560]: Could not find a CoreModule; You are not attached properly. There might be a error with the client init script or your Roblox window failed to refresh
[2026-08-11 19:27:05.407] [Execution] [error] [29560]: Could not find a CoreModule; You are not attached properly. There might be a error with the client init script or your Roblox window failed to refresh
[2026-08-11 19:27:05.438] [Execution] [error] [29560]: Could not find a CoreModule; You are not attached properly. There might be a error with the client init script or your Roblox window failed to refresh
[2026-08-11 19:27:05.595] [Execution] [error] [29560]: Could not find a CoreModule; You are not attached properly. There might be a error with the client init script or your Roblox window failed to refresh
[2026-08-11 19:27:05.694] [Execution] [error] [29560]: Could not find a CoreModule; You are not attached properly. There might be a error with the client init script or your Roblox window failed to refresh
[2026-08-11 19:27:05.844] [Execution] [error] [29560]: Could not find a CoreModule; You are not attached properly. There might be a error with the client init script or your Roblox window failed to refresh
[2026-08-11 19:27:05.998] [Execution] [error] [29560]: Could not find a CoreModule; You are not attached properly. There might be a error with the client init script or your Roblox window failed to refresh
[2026-08-11 19:27:14.502] [Execution] [error] [29560]: Could not find a CoreModule; You are not attached properly. There might be a error with the client init script or your Roblox window failed to refresh
[2026-08-11 19:27:14.658] [Execution] [error] [29560]: Could not find a CoreModule; You are not attached properly. There might be a error with the client init script or your Roblox window failed to refresh
[2026-08-11 19:27:14.812] [Execution] [error] [29560]: Could not find a CoreModule; You are not attached properly. There might be a error with the client init script or your Roblox window failed to refresh
[2026-08-11 19:27:15.649] [Execution] [error] [29560]: Could not find a CoreModule; You are not attached properly. There might be a error with the client init script or your Roblox window failed to refresh
[2026-08-11 19:27:15.802] [Execution] [error] [29560]: Could not find a CoreModule; You are not attached properly. There might be a error with the client init script or your Roblox window failed to refresh
[2026-08-11 19:27:15.955] [Execution] [error] [29560]: Could not find a CoreModule; You are not attached properly. There might be a error with the client init script or your Roblox window failed to refresh
