[2026-08-11 19:29:42.631] [Xeno] [trace] Xeno is only maintained by Rizve. If you find any bugs, have any question, or just want to chat email me rizve@xeno.onl or DM me on Discord: .rizve
[2026-08-11 19:29:42.631] [Xeno] [info] Version: Xeno - v1.3.60
[2026-08-11 19:29:42.631] [Xeno] [info] Log file: C:\Users\seif9\source\repos\Ruby Exec 1\Ruby Exec 1\bin\x64\Debug\net10.0-windows\logs\2026-08-11_19-29-42.log
[2026-08-11 19:29:42.632] [Xeno] [debug] Client Checker thread: 0xab56abed40
[2026-08-11 19:29:42.632] [Xeno] [debug] Xeno Caching thread: 0xab56abed30
[2026-08-11 19:29:42.632] [Xeno] [debug] WebSockets Cleaner thread: 0xab56abed20
[2026-08-11 19:29:42.632] [Cache] [info] Caching file: C:\Users\seif9\AppData\Local\Xeno\XENO_CACHE.bin
[2026-08-11 19:29:42.633] [Xeno] [debug] Xeno Server thread: 0xab56abed10
[2026-08-11 19:29:42.633] [Cache] [info] Reattaching to cached client PID: 29560
[2026-08-11 19:29:42.633] [Cache] [info] Loaded existing cache: 1 RBXClients, 0 RBXBytecode, 0 RBXMFlags, 1 RBXClientInfos
[2026-08-11 19:29:42.633] [Xeno] [info] Creating new RBXClient: 29560
[2026-08-11 19:29:42.633] [RBXClient] [info] [29560]: Initializing...
[2026-08-11 19:29:42.633] [RBXClient] [info] [29560]: Version: version-d584fb6c717a43d9
[2026-08-11 19:29:42.633] [Xeno] [debug] Created RBXClient instance @0x20e1581a200
[2026-08-11 19:29:42.633] [Xeno] [info] Successfully created RBXClient: 29560
[2026-08-11 19:29:42.633] [RBXClient] [trace] [29560]: Attempting to retrieve RBXClient data...
[2026-08-11 19:29:42.633] [Server] [info] Xeno Server is Live on http://localhost:3110
[2026-08-11 19:29:42.633] [Server] [info] Visit http://localhost:3110 to view any additional information
[2026-08-11 19:29:42.682] [RBXClient] [trace] [29560]: Successfully retrieved RBXClient data (Primary)
[2026-08-11 19:29:42.682] [RBXClient] [info] [29560]: RenderView retrieved from Cache: 0x1f429dc3080
[2026-08-11 19:29:42.787] [RBXClient] [debug] [29560]: 1015 candidates found for the instruction
[2026-08-11 19:29:42.788] [RBXClient] [debug] [29560]:  Instruction address: 0x1f31724c40a
[2026-08-11 19:29:42.788] [RBXClient] [debug] [29560]: Bytecode Patch Watcher thread: 0xab570bf2e0
[2026-08-11 19:29:42.789] [RBXClient] [debug] [29560]: DataModel (LuaApp): 0x1f425ce2648
[2026-08-11 19:29:42.790] [RBXClient] [debug] [29560]: LocalPlayer: 0x1f42c6a4880
[2026-08-11 19:29:42.790] [RBXClient] [debug] [acgplayerfan12121 (29560)]: LocalPlayer Name: 'acgplayerfan12121'
[2026-08-11 19:29:42.791] [RBXClient] [info] [acgplayerfan12121 (29560)]: Waiting for you to enter a game...
[2026-08-11 19:29:46.669] [Execution] [error] [29560]: Could not find a CoreModule; You are not attached properly. There might be a error with the client init script or your Roblox window failed to refresh
[2026-08-11 19:29:46.829] [Execution] [error] [29560]: Could not find a CoreModule; You are not attached properly. There might be a error with the client init script or your Roblox window failed to refresh
[2026-08-11 19:29:46.984] [Execution] [error] [29560]: Could not find a CoreModule; You are not attached properly. There might be a error with the client init script or your Roblox window failed to refresh
[2026-08-11 19:29:56.470] [Execution] [error] [29560]: Could not find a CoreModule; You are not attached properly. There might be a error with the client init script or your Roblox window failed to refresh
[2026-08-11 19:29:56.622] [Execution] [error] [29560]: Could not find a CoreModule; You are not attached properly. There might be a error with the client init script or your Roblox window failed to refresh
[2026-08-11 19:29:56.777] [Execution] [error] [29560]: Could not find a CoreModule; You are not attached properly. There might be a error with the client init script or your Roblox window failed to refresh
